[web:new_energy] started_at=2026-04-13 17:30:23 pid=38284
[new_energy] 已生成 returns：C:\Users\12725\Desktop\大宗绿测_基于油价因子的绿色金融产品预测与风险分析 - 副本\技术文档\源代码\web_runs\run_20260413_144847_top10\new_energy_runs\new_energy_20260413_173023\new_energy_returns_new_energy.csv（样本数=362）
[new_energy] 开始调用 predict_new_energy_from_gru.py ...
已保存：C:\Users\12725\Desktop\大宗绿测_基于油价因子的绿色金融产品预测与风险分析 - 副本\技术文档\源代码\web_runs\run_20260413_144847_top10\new_energy_runs\new_energy_20260413_173023\new_energy_forecast_new_energy_conf0.95.csv
已保存图表：C:\Users\12725\Desktop\大宗绿测_基于油价因子的绿色金融产品预测与风险分析 - 副本\技术文档\源代码\web_runs\run_20260413_144847_top10\new_energy_runs\new_energy_20260413_173023\new_energy_forecast_new_energy_conf0.95_plot_ci.png / C:\Users\12725\Desktop\大宗绿测_基于油价因子的绿色金融产品预测与风险分析 - 副本\技术文档\源代码\web_runs\run_20260413_144847_top10\new_energy_runs\new_energy_20260413_173023\new_energy_forecast_new_energy_conf0.95_plot_sigma.png / C:\Users\12725\Desktop\大宗绿测_基于油价因子的绿色金融产品预测与风险分析 - 副本\技术文档\源代码\web_runs\run_20260413_144847_top10\new_energy_runs\new_energy_20260413_173023\new_energy_forecast_new_energy_conf0.95_plot_risk.png

============================================================
新能源风险与置信区间分析报告（基于油价 GRU 预测递推）
============================================================
样本数：395
置信水平：0.95（对应 z_alpha=1.960）
RiskLevel 统计：{'LOW': 197, 'MEDIUM': 119, 'HIGH': 79}
NewEnergy_Sigma 分位数：
  0.1分位：0.955271
  0.5分位：0.981038
  0.9分位：1.023573
CI 宽度（CI_high-CI_low）均值：3.864424
CI 宽度（最大值）：7.388914
Top-5 高波动日期（按 Sigma）：
Date_target  NewEnergy_Sigma RiskLevel
 2023-04-13         1.884927      HIGH
 2024-08-06         1.136332      HIGH
 2025-04-07         1.120437      HIGH
 2025-04-11         1.094743      HIGH
 2025-06-17         1.079725      HIGH

提示：已提供新能源历史数据，MeanPred 来自截图均值方程的简化回归近似（AR+外生控制）。
[new_energy] 完成输出：C:\Users\12725\Desktop\大宗绿测_基于油价因子的绿色金融产品预测与风险分析 - 副本\技术文档\源代码\web_runs\run_20260413_144847_top10\new_energy_runs\new_energy_20260413_173023\new_energy_forecast_new_energy_conf0.95.csv
[可视化] 已生成：C:\Users\12725\Desktop\大宗绿测_基于油价因子的绿色金融产品预测与风险分析 - 副本\技术文档\源代码\web_runs\run_20260413_144847_top10\new_energy_runs\new_energy_20260413_173023\compare_sigma_timeseries.png
[可视化] 已生成：C:\Users\12725\Desktop\大宗绿测_基于油价因子的绿色金融产品预测与风险分析 - 副本\技术文档\源代码\web_runs\run_20260413_144847_top10\new_energy_runs\new_energy_20260413_173023\compare_risk_distribution.png
[可视化] 已生成：C:\Users\12725\Desktop\大宗绿测_基于油价因子的绿色金融产品预测与风险分析 - 副本\技术文档\源代码\web_runs\run_20260413_144847_top10\new_energy_runs\new_energy_20260413_173023\compare_ci_width_boxplot.png
