[backend] started_at=2026-04-18T00:24:15.701504 pid=64444
2026-04-18 00:24:20.041430: I tensorflow/core/util/port.cc:113] oneDNN custom operations are on. You may see slightly different numerical results due to floating-point round-off errors from different computation orders. To turn them off, set the environment variable `TF_ENABLE_ONEDNN_OPTS=0`.
WARNING:tensorflow:From F:\ProgramData\anaconda3\envs\oilprice\lib\site-packages\keras\src\losses.py:2976: The name tf.losses.sparse_softmax_cross_entropy is deprecated. Please use tf.compat.v1.losses.sparse_softmax_cross_entropy instead.

开始油价预测特征工程...
输入数据形状: (5113, 12)
添加油价自身特征...
添加金融市场特征...
添加基本面特征...
添加技术指标特征...
添加波动率特征...
添加市场结构特征...
添加季节性特征...
添加市场情绪特征...
添加地缘大事件影响特征...
添加衍生关系特征...
确保特征因果性...
对 8 个未滞后特征应用 shift(1): ['VIX_Level', 'OVX_Level', 'Basis', 'Market_Structure', 'Oil_Search_Trend']...
特征工程完成，特征总数: 162

特征分类统计:
  价格特征: 38个特征
  收益率特征: 6个特征
  技术指标: 32个特征
  波动率特征: 19个特征
  金融市场: 25个特征
  基本面: 20个特征
  市场结构: 6个特征
  季节性: 12个特征
  情绪特征: 11个特征
  衍生关系: 15个特征

原始数据形状: (5113, 12)
特征工程后数据形状: (5113, 162)
新增特征数量: 150

前5行数据（部分列）:
            WTI_Futures  WTI_Futures_Return  ...  Volatility_20d  Month
Date                                         ...                       
2010-01-01    70.496714                 NaN  ...             NaN      1
2010-01-02    70.358450           -0.001963  ...             NaN      1
2010-01-03    71.006138            0.009163  ...             NaN      1
2010-01-04    72.529168            0.021222  ...             NaN      1
2010-01-05    72.295015           -0.003234  ...             NaN      1

[5 rows x 7 columns]
================================================================================
多变量油价预测系统（按时间序列最佳实践）
================================================================================
============================================================
开始加载所有数据...
============================================================
加载WTI价格数据...
加载金融数据...
加载供给侧数据...
  已加载活跃钻井机数量 (Rigs)
  已加载地缘大事件 (GeoEvent)，事件日数: 20
数据形状: (2841, 13)
开始油价预测特征工程...
输入数据形状: (2841, 13)
添加油价自身特征...
添加金融市场特征...
添加基本面特征...
添加技术指标特征...
添加波动率特征...
添加市场结构特征...
添加季节性特征...
添加市场情绪特征...
添加地缘大事件影响特征...
添加衍生关系特征...
确保特征因果性...
对 4 个未滞后特征应用 shift(1): ['VIX_Level', 'OVX_Level', 'Basis', 'Market_Structure']...
特征工程完成，特征总数: 165
按日期切分: Train_end=2020-12-31, Val_end=2022-12-31

数据切分: Train=1541, Val=516, Test=784

=== Step 3: 随机森林特征选择 Top-10 ===
  选中特征数: 10
  Top 特征:
     1. WTI_Futures
     2. US10Y
     3. WTI_Futures_Lag1
     4. Stocks_MA_20
     5. BB_Lower_20
     6. Inventory_Price_Ratio
     7. BB_Upper_20
     8. Basis
     9. WTI_Futures_Lag2
    10. WTI_Futures_MA_10

数据清洗后: Train=930, Val=275, Test=425

已保存所有特征总表到 C:\Users\12725\Desktop\大宗绿测_基于油价因子的绿色金融产品预测与风险分析 - 副本\技术文档\源代码\web_runs\run_20260418_002415_top10\all_features_data.csv，行数=1630，列数=13

最终特征数: 10

已保存模型输入总表到 C:\Users\12725\Desktop\大宗绿测_基于油价因子的绿色金融产品预测与风险分析 - 副本\技术文档\源代码\web_runs\run_20260418_002415_top10\model_input_data.csv，行数=1630，列数=13

训练GRU...
WARNING:tensorflow:From F:\ProgramData\anaconda3\envs\oilprice\lib\site-packages\keras\src\backend.py:873: The name tf.get_default_graph is deprecated. Please use tf.compat.v1.get_default_graph instead.

2026-04-18 00:25:23.591604: I tensorflow/core/platform/cpu_feature_guard.cc:182] This TensorFlow binary is optimized to use available CPU instructions in performance-critical operations.
To enable the following instructions: SSE SSE2 SSE3 SSE4.1 SSE4.2 AVX2 AVX_VNNI FMA, in other operations, rebuild TensorFlow with the appropriate compiler flags.
Epoch 1/200
WARNING:tensorflow:From F:\ProgramData\anaconda3\envs\oilprice\lib\site-packages\keras\src\utils\tf_utils.py:492: The name tf.ragged.RaggedTensorValue is deprecated. Please use tf.compat.v1.ragged.RaggedTensorValue instead.

WARNING:tensorflow:From F:\ProgramData\anaconda3\envs\oilprice\lib\site-packages\keras\src\engine\base_layer_utils.py:384: The name tf.executing_eagerly_outside_functions is deprecated. Please use tf.compat.v1.executing_eagerly_outside_functions instead.


 1/29 [>.............................] - ETA: 2:41 - loss: 0.4559 - mae: 0.9542
 2/29 [=>............................] - ETA: 3s - loss: 0.2365 - mae: 0.5486  
 3/29 [==>...........................] - ETA: 2s - loss: 0.1814 - mae: 0.4802
 4/29 [===>..........................] - ETA: 2s - loss: 0.2023 - mae: 0.5357
 5/29 [====>.........................] - ETA: 2s - loss: 0.1646 - mae: 0.4558
 6/29 [=====>........................] - ETA: 2s - loss: 0.1399 - mae: 0.4075
 7/29 [======>.......................] - ETA: 2s - loss: 0.1259 - mae: 0.3900
 8/29 [=======>......................] - ETA: 2s - loss: 0.1122 - mae: 0.3618
 9/29 [========>.....................] - ETA: 2s - loss: 0.1001 - mae: 0.3283
10/29 [=========>....................] - ETA: 2s - loss: 0.0907 - mae: 0.3046
11/29 [==========>...................] - ETA: 2s - loss: 0.0840 - mae: 0.2916
12/29 [===========>..................] - ETA: 1s - loss: 0.0778 - mae: 0.2785
13/29 [============>.................] - ETA: 1s - loss: 0.0725 - mae: 0.2642
14/29 [=============>................] - ETA: 1s - loss: 0.0683 - mae: 0.2543
15/29 [==============>...............] - ETA: 1s - loss: 0.0649 - mae: 0.2477
16/29 [===============>..............] - ETA: 1s - loss: 0.0612 - mae: 0.2365
17/29 [================>.............] - ETA: 1s - loss: 0.0581 - mae: 0.2292
18/29 [=================>............] - ETA: 1s - loss: 0.0556 - mae: 0.2241
19/29 [==================>...........] - ETA: 1s - loss: 0.0531 - mae: 0.2189
20/29 [===================>..........] - ETA: 1s - loss: 0.0508 - mae: 0.2120
21/29 [====================>.........] - ETA: 0s - loss: 0.0487 - mae: 0.2061
22/29 [=====================>........] - ETA: 0s - loss: 0.0467 - mae: 0.1997
23/29 [======================>.......] - ETA: 0s - loss: 0.0449 - mae: 0.1942
24/29 [=======================>......] - ETA: 0s - loss: 0.0435 - mae: 0.1908
25/29 [========================>.....] - ETA: 0s - loss: 0.0422 - mae: 0.1890
26/29 [=========================>....] - ETA: 0s - loss: 0.0407 - mae: 0.1853
27/29 [==========================>...] - ETA: 0s - loss: 0.0393 - mae: 0.1800
28/29 [===========================>..] - ETA: 0s - loss: 0.0379 - mae: 0.1746
29/29 [==============================] - 10s 160ms/step - loss: 0.0377 - mae: 0.1739 - val_loss: 0.0016 - val_mae: 0.0526 - lr: 0.0030
Epoch 2/200

 1/29 [>.............................] - ETA: 3s - loss: 0.0566 - mae: 0.3253
 2/29 [=>............................] - ETA: 2s - loss: 0.0346 - mae: 0.2236
 3/29 [==>...........................] - ETA: 2s - loss: 0.0384 - mae: 0.2401
 4/29 [===>..........................] - ETA: 2s - loss: 0.0421 - mae: 0.2556
 5/29 [====>.........................] - ETA: 2s - loss: 0.0349 - mae: 0.2224
 6/29 [=====>........................] - ETA: 2s - loss: 0.0309 - mae: 0.2066
 7/29 [======>.......................] - ETA: 2s - loss: 0.0302 - mae: 0.2087
 8/29 [=======>......................] - ETA: 2s - loss: 0.0291 - mae: 0.2081
 9/29 [========>.....................] - ETA: 2s - loss: 0.0277 - mae: 0.2041
10/29 [=========>....................] - ETA: 2s - loss: 0.0260 - mae: 0.1971
11/29 [==========>...................] - ETA: 2s - loss: 0.0239 - mae: 0.1841
12/29 [===========>..................] - ETA: 1s - loss: 0.0220 - mae: 0.1727
13/29 [============>.................] - ETA: 1s - loss: 0.0205 - mae: 0.1642
14/29 [=============>................] - ETA: 1s - loss: 0.0194 - mae: 0.1575
15/29 [==============>...............] - ETA: 1s - loss: 0.0182 - mae: 0.1510
16/29 [===============>..............] - ETA: 1s - loss: 0.0174 - mae: 0.1452
17/29 [================>.............] - ETA: 1s - loss: 0.0169 - mae: 0.1421
18/29 [=================>............] - ETA: 1s - loss: 0.0162 - mae: 0.1381
19/29 [==================>...........] - ETA: 1s - loss: 0.0158 - mae: 0.1374
20/29 [===================>..........] - ETA: 1s - loss: 0.0153 - mae: 0.1346
21/29 [====================>.........] - ETA: 0s - loss: 0.0149 - mae: 0.1332
22/29 [=====================>........] - ETA: 0s - loss: 0.0144 - mae: 0.1306
23/29 [======================>.......] - ETA: 0s - loss: 0.0139 - mae: 0.1270
24/29 [=======================>......] - ETA: 0s - loss: 0.0136 - mae: 0.1260
25/29 [========================>.....] - ETA: 0s - loss: 0.0136 - mae: 0.1269
26/29 [=========================>....] - ETA: 0s - loss: 0.0135 - mae: 0.1279
27/29 [==========================>...] - ETA: 0s - loss: 0.0132 - mae: 0.1269
28/29 [===========================>..] - ETA: 0s - loss: 0.0127 - mae: 0.1230
29/29 [==============================] - ETA: 0s - loss: 0.0127 - mae: 0.1226
29/29 [==============================] - 4s 121ms/step - loss: 0.0127 - mae: 0.1226 - val_loss: 0.0134 - val_mae: 0.1505 - lr: 0.0030
Epoch 3/200

 1/29 [>.............................] - ETA: 2s - loss: 0.1380 - mae: 0.5192
 2/29 [=>............................] - ETA: 3s - loss: 0.0978 - mae: 0.4153
 3/29 [==>...........................] - ETA: 3s - loss: 0.0664 - mae: 0.3007
 4/29 [===>..........................] - ETA: 3s - loss: 0.0579 - mae: 0.2839
 5/29 [====>.........................] - ETA: 2s - loss: 0.0531 - mae: 0.2757
 6/29 [=====>........................] - ETA: 2s - loss: 0.0474 - mae: 0.2608
 7/29 [======>.......................] - ETA: 2s - loss: 0.0412 - mae: 0.2331
 8/29 [=======>......................] - ETA: 2s - loss: 0.0367 - mae: 0.2159
 9/29 [========>.....................] - ETA: 2s - loss: 0.0343 - mae: 0.2098
10/29 [=========>....................] - ETA: 2s - loss: 0.0327 - mae: 0.2076
11/29 [==========>...................] - ETA: 2s - loss: 0.0304 - mae: 0.1985
12/29 [===========>..................] - ETA: 2s - loss: 0.0279 - mae: 0.1849
13/29 [============>.................] - ETA: 1s - loss: 0.0260 - mae: 0.1758
14/29 [=============>................] - ETA: 1s - loss: 0.0246 - mae: 0.1703
15/29 [==============>...............] - ETA: 1s - loss: 0.0233 - mae: 0.1649
16/29 [===============>..............] - ETA: 1s - loss: 0.0221 - mae: 0.1587
17/29 [================>.............] - ETA: 1s - loss: 0.0211 - mae: 0.1541
18/29 [=================>............] - ETA: 1s - loss: 0.0204 - mae: 0.1515
19/29 [==================>...........] - ETA: 1s - loss: 0.0195 - mae: 0.1472
20/29 [===================>..........] - ETA: 1s - loss: 0.0187 - mae: 0.1431
21/29 [====================>.........] - ETA: 0s - loss: 0.0180 - mae: 0.1405
22/29 [=====================>........] - ETA: 0s - loss: 0.0174 - mae: 0.1376
23/29 [======================>.......] - ETA: 0s - loss: 0.0168 - mae: 0.1345
24/29 [=======================>......] - ETA: 0s - loss: 0.0163 - mae: 0.1319
25/29 [========================>.....] - ETA: 0s - loss: 0.0161 - mae: 0.1317
26/29 [=========================>....] - ETA: 0s - loss: 0.0156 - mae: 0.1287
27/29 [==========================>...] - ETA: 0s - loss: 0.0151 - mae: 0.1263
28/29 [===========================>..] - ETA: 0s - loss: 0.0149 - mae: 0.1260
29/29 [==============================] - 4s 122ms/step - loss: 0.0148 - mae: 0.1258 - val_loss: 0.0070 - val_mae: 0.1131 - lr: 0.0030
Epoch 4/200

 1/29 [>.............................] - ETA: 3s - loss: 0.0457 - mae: 0.2944
 2/29 [=>............................] - ETA: 3s - loss: 0.0333 - mae: 0.2309
 3/29 [==>...........................] - ETA: 2s - loss: 0.0264 - mae: 0.2005
 4/29 [===>..........................] - ETA: 2s - loss: 0.0300 - mae: 0.2154
 5/29 [====>.........................] - ETA: 2s - loss: 0.0281 - mae: 0.2080
 6/29 [=====>........................] - ETA: 2s - loss: 0.0251 - mae: 0.1943
 7/29 [======>.......................] - ETA: 2s - loss: 0.0218 - mae: 0.1747
 8/29 [=======>......................] - ETA: 2s - loss: 0.0193 - mae: 0.1589
 9/29 [========>.....................] - ETA: 2s - loss: 0.0182 - mae: 0.1546
10/29 [=========>....................] - ETA: 2s - loss: 0.0177 - mae: 0.1552
11/29 [==========>...................] - ETA: 2s - loss: 0.0171 - mae: 0.1537
12/29 [===========>..................] - ETA: 1s - loss: 0.0165 - mae: 0.1522
13/29 [============>.................] - ETA: 1s - loss: 0.0157 - mae: 0.1487
14/29 [=============>................] - ETA: 1s - loss: 0.0152 - mae: 0.1469
15/29 [==============>...............] - ETA: 1s - loss: 0.0146 - mae: 0.1436
16/29 [===============>..............] - ETA: 1s - loss: 0.0140 - mae: 0.1397
17/29 [================>.............] - ETA: 1s - loss: 0.0134 - mae: 0.1357
18/29 [=================>............] - ETA: 1s - loss: 0.0131 - mae: 0.1345
19/29 [==================>...........] - ETA: 1s - loss: 0.0132 - mae: 0.1353
20/29 [===================>..........] - ETA: 1s - loss: 0.0129 - mae: 0.1344
21/29 [====================>.........] - ETA: 0s - loss: 0.0127 - mae: 0.1336
22/29 [=====================>........] - ETA: 0s - loss: 0.0122 - mae: 0.1298
23/29 [======================>.......] - ETA: 0s - loss: 0.0118 - mae: 0.1267
24/29 [=======================>......] - ETA: 0s - loss: 0.0116 - mae: 0.1252
25/29 [========================>.....] - ETA: 0s - loss: 0.0117 - mae: 0.1267
27/29 [==========================>...] - ETA: 0s - loss: 0.0115 - mae: 0.1267
28/29 [===========================>..] - ETA: 0s - loss: 0.0111 - mae: 0.1231
29/29 [==============================] - 3s 97ms/step - loss: 0.0111 - mae: 0.1227 - val_loss: 0.0101 - val_mae: 0.1273 - lr: 0.0030
Epoch 5/200

 1/29 [>.............................] - ETA: 1s - loss: 0.1056 - mae: 0.4527
 2/29 [=>............................] - ETA: 1s - loss: 0.0900 - mae: 0.4116
 3/29 [==>...........................] - ETA: 1s - loss: 0.0631 - mae: 0.3129
 4/29 [===>..........................] - ETA: 1s - loss: 0.0487 - mae: 0.2578
 5/29 [====>.........................] - ETA: 1s - loss: 0.0421 - mae: 0.2398
 6/29 [=====>........................] - ETA: 1s - loss: 0.0391 - mae: 0.2348
 7/29 [======>.......................] - ETA: 1s - loss: 0.0371 - mae: 0.2315
 8/29 [=======>......................] - ETA: 1s - loss: 0.0335 - mae: 0.2177
 9/29 [========>.....................] - ETA: 1s - loss: 0.0302 - mae: 0.2018
11/29 [==========>...................] - ETA: 0s - loss: 0.0258 - mae: 0.1808
12/29 [===========>..................] - ETA: 0s - loss: 0.0247 - mae: 0.1784
13/29 [============>.................] - ETA: 0s - loss: 0.0234 - mae: 0.1741
14/29 [=============>................] - ETA: 0s - loss: 0.0226 - mae: 0.1722
16/29 [===============>..............] - ETA: 0s - loss: 0.0208 - mae: 0.1644
18/29 [=================>............] - ETA: 0s - loss: 0.0189 - mae: 0.1542
19/29 [==================>...........] - ETA: 0s - loss: 0.0184 - mae: 0.1520
20/29 [===================>..........] - ETA: 0s - loss: 0.0178 - mae: 0.1497
21/29 [====================>.........] - ETA: 0s - loss: 0.0171 - mae: 0.1462
23/29 [======================>.......] - ETA: 0s - loss: 0.0159 - mae: 0.1391
24/29 [=======================>......] - ETA: 0s - loss: 0.0155 - mae: 0.1365
26/29 [=========================>....] - ETA: 0s - loss: 0.0147 - mae: 0.1329
27/29 [==========================>...] - ETA: 0s - loss: 0.0142 - mae: 0.1294
28/29 [===========================>..] - ETA: 0s - loss: 0.0137 - mae: 0.1256
29/29 [==============================] - 2s 55ms/step - loss: 0.0136 - mae: 0.1252 - val_loss: 0.0020 - val_mae: 0.0560 - lr: 0.0030
Epoch 6/200

 1/29 [>.............................] - ETA: 1s - loss: 0.0665 - mae: 0.3481
 2/29 [=>............................] - ETA: 1s - loss: 0.0471 - mae: 0.2822
 3/29 [==>...........................] - ETA: 1s - loss: 0.0338 - mae: 0.2208
 4/29 [===>..........................] - ETA: 1s - loss: 0.0289 - mae: 0.2028
 5/29 [====>.........................] - ETA: 1s - loss: 0.0243 - mae: 0.1809
 7/29 [======>.......................] - ETA: 1s - loss: 0.0191 - mae: 0.1565
 8/29 [=======>......................] - ETA: 1s - loss: 0.0171 - mae: 0.1447
 9/29 [========>.....................] - ETA: 1s - loss: 0.0154 - mae: 0.1346
11/29 [==========>...................] - ETA: 0s - loss: 0.0133 - mae: 0.1231
12/29 [===========>..................] - ETA: 0s - loss: 0.0128 - mae: 0.1218
13/29 [============>.................] - ETA: 0s - loss: 0.0120 - mae: 0.1179
15/29 [==============>...............] - ETA: 0s - loss: 0.0110 - mae: 0.1117
17/29 [================>.............] - ETA: 0s - loss: 0.0102 - mae: 0.1081
19/29 [==================>...........] - ETA: 0s - loss: 0.0096 - mae: 0.1048
20/29 [===================>..........] - ETA: 0s - loss: 0.0092 - mae: 0.1025
22/29 [=====================>........] - ETA: 0s - loss: 0.0086 - mae: 0.0975
23/29 [======================>.......] - ETA: 0s - loss: 0.0084 - mae: 0.0957
24/29 [=======================>......] - ETA: 0s - loss: 0.0081 - mae: 0.0938
25/29 [========================>.....] - ETA: 0s - loss: 0.0080 - mae: 0.0932
26/29 [=========================>....] - ETA: 0s - loss: 0.0078 - mae: 0.0929
28/29 [===========================>..] - ETA: 0s - loss: 0.0073 - mae: 0.0891
29/29 [==============================] - 2s 55ms/step - loss: 0.0073 - mae: 0.0888 - val_loss: 8.8816e-04 - val_mae: 0.0373 - lr: 0.0030
Epoch 7/200

 1/29 [>.............................] - ETA: 1s - loss: 0.0110 - mae: 0.1212
 3/29 [==>...........................] - ETA: 1s - loss: 0.0075 - mae: 0.0976
 5/29 [====>.........................] - ETA: 1s - loss: 0.0063 - mae: 0.0899
 6/29 [=====>........................] - ETA: 1s - loss: 0.0055 - mae: 0.0827
 7/29 [======>.......................] - ETA: 1s - loss: 0.0050 - mae: 0.0788
 8/29 [=======>......................] - ETA: 1s - loss: 0.0046 - mae: 0.0736
 9/29 [========>.....................] - ETA: 1s - loss: 0.0043 - mae: 0.0710
11/29 [==========>...................] - ETA: 0s - loss: 0.0037 - mae: 0.0651
12/29 [===========>..................] - ETA: 0s - loss: 0.0036 - mae: 0.0630
13/29 [============>.................] - ETA: 0s - loss: 0.0034 - mae: 0.0610
15/29 [==============>...............] - ETA: 0s - loss: 0.0032 - mae: 0.0591
17/29 [================>.............] - ETA: 0s - loss: 0.0032 - mae: 0.0589
18/29 [=================>............] - ETA: 0s - loss: 0.0032 - mae: 0.0595
20/29 [===================>..........] - ETA: 0s - loss: 0.0031 - mae: 0.0588
22/29 [=====================>........] - ETA: 0s - loss: 0.0030 - mae: 0.0581
23/29 [======================>.......] - ETA: 0s - loss: 0.0030 - mae: 0.0576
24/29 [=======================>......] - ETA: 0s - loss: 0.0029 - mae: 0.0567
25/29 [========================>.....] - ETA: 0s - loss: 0.0032 - mae: 0.0595
26/29 [=========================>....] - ETA: 0s - loss: 0.0033 - mae: 0.0613
27/29 [==========================>...] - ETA: 0s - loss: 0.0032 - mae: 0.0613
28/29 [===========================>..] - ETA: 0s - loss: 0.0032 - mae: 0.0609
29/29 [==============================] - 2s 54ms/step - loss: 0.0032 - mae: 0.0607 - val_loss: 6.9549e-04 - val_mae: 0.0318 - lr: 0.0030
Epoch 8/200

 1/29 [>.............................] - ETA: 1s - loss: 0.0114 - mae: 0.1152
 3/29 [==>...........................] - ETA: 1s - loss: 0.0072 - mae: 0.0948
 5/29 [====>.........................] - ETA: 1s - loss: 0.0060 - mae: 0.0868
 7/29 [======>.......................] - ETA: 1s - loss: 0.0050 - mae: 0.0778
 9/29 [========>.....................] - ETA: 0s - loss: 0.0044 - mae: 0.0731
11/29 [==========>...................] - ETA: 0s - loss: 0.0039 - mae: 0.0676
12/29 [===========>..................] - ETA: 0s - loss: 0.0037 - mae: 0.0650
13/29 [============>.................] - ETA: 0s - loss: 0.0035 - mae: 0.0628
15/29 [==============>...............] - ETA: 0s - loss: 0.0032 - mae: 0.0601
17/29 [================>.............] - ETA: 0s - loss: 0.0033 - mae: 0.0606
19/29 [==================>...........] - ETA: 0s - loss: 0.0032 - mae: 0.0607
21/29 [====================>.........] - ETA: 0s - loss: 0.0031 - mae: 0.0590
23/29 [======================>.......] - ETA: 0s - loss: 0.0031 - mae: 0.0589
25/29 [========================>.....] - ETA: 0s - loss: 0.0030 - mae: 0.0581
27/29 [==========================>...] - ETA: 0s - loss: 0.0028 - mae: 0.0554
29/29 [==============================] - ETA: 0s - loss: 0.0027 - mae: 0.0540
29/29 [==============================] - 1s 51ms/step - loss: 0.0027 - mae: 0.0540 - val_loss: 0.0044 - val_mae: 0.0788 - lr: 0.0030
Epoch 9/200

 1/29 [>.............................] - ETA: 1s - loss: 0.0083 - mae: 0.0908
 2/29 [=>............................] - ETA: 1s - loss: 0.0078 - mae: 0.0896
 3/29 [==>...........................] - ETA: 1s - loss: 0.0066 - mae: 0.0848
 4/29 [===>..........................] - ETA: 1s - loss: 0.0061 - mae: 0.0842
 5/29 [====>.........................] - ETA: 1s - loss: 0.0055 - mae: 0.0804
 6/29 [=====>........................] - ETA: 1s - loss: 0.0048 - mae: 0.0748
 8/29 [=======>......................] - ETA: 1s - loss: 0.0040 - mae: 0.0670
10/29 [=========>....................] - ETA: 0s - loss: 0.0036 - mae: 0.0638
12/29 [===========>..................] - ETA: 0s - loss: 0.0034 - mae: 0.0618
14/29 [=============>................] - ETA: 0s - loss: 0.0033 - mae: 0.0607
15/29 [==============>...............] - ETA: 0s - loss: 0.0033 - mae: 0.0610
17/29 [================>.............] - ETA: 0s - loss: 0.0034 - mae: 0.0635
18/29 [=================>............] - ETA: 0s - loss: 0.0034 - mae: 0.0639
19/29 [==================>...........] - ETA: 0s - loss: 0.0034 - mae: 0.0633
20/29 [===================>..........] - ETA: 0s - loss: 0.0033 - mae: 0.0620
21/29 [====================>.........] - ETA: 0s - loss: 0.0032 - mae: 0.0612
22/29 [=====================>........] - ETA: 0s - loss: 0.0032 - mae: 0.0606
23/29 [======================>.......] - ETA: 0s - loss: 0.0032 - mae: 0.0608
24/29 [=======================>......] - ETA: 0s - loss: 0.0031 - mae: 0.0604
25/29 [========================>.....] - ETA: 0s - loss: 0.0031 - mae: 0.0608
26/29 [=========================>....] - ETA: 0s - loss: 0.0031 - mae: 0.0606
27/29 [==========================>...] - ETA: 0s - loss: 0.0030 - mae: 0.0597
28/29 [===========================>..] - ETA: 0s - loss: 0.0029 - mae: 0.0582
29/29 [==============================] - 2s 56ms/step - loss: 0.0029 - mae: 0.0581 - val_loss: 0.0070 - val_mae: 0.1027 - lr: 0.0030
Epoch 10/200

 1/29 [>.............................] - ETA: 1s - loss: 0.0076 - mae: 0.0907
 2/29 [=>............................] - ETA: 1s - loss: 0.0067 - mae: 0.0849
 3/29 [==>...........................] - ETA: 1s - loss: 0.0058 - mae: 0.0799
 4/29 [===>..........................] - ETA: 1s - loss: 0.0055 - mae: 0.0807
 5/29 [====>.........................] - ETA: 1s - loss: 0.0048 - mae: 0.0752
 6/29 [=====>........................] - ETA: 1s - loss: 0.0044 - mae: 0.0721
 7/29 [======>.......................] - ETA: 1s - loss: 0.0039 - mae: 0.0671
 9/29 [========>.....................] - ETA: 1s - loss: 0.0033 - mae: 0.0608
10/29 [=========>....................] - ETA: 1s - loss: 0.0032 - mae: 0.0609
11/29 [==========>...................] - ETA: 0s - loss: 0.0031 - mae: 0.0601
12/29 [===========>..................] - ETA: 0s - loss: 0.0030 - mae: 0.0596
13/29 [============>.................] - ETA: 0s - loss: 0.0030 - mae: 0.0596
14/29 [=============>................] - ETA: 0s - loss: 0.0031 - mae: 0.0603
15/29 [==============>...............] - ETA: 0s - loss: 0.0031 - mae: 0.0604
16/29 [===============>..............] - ETA: 0s - loss: 0.0030 - mae: 0.0598
17/29 [================>.............] - ETA: 0s - loss: 0.0030 - mae: 0.0603
18/29 [=================>............] - ETA: 0s - loss: 0.0031 - mae: 0.0620
19/29 [==================>...........] - ETA: 0s - loss: 0.0032 - mae: 0.0634
20/29 [===================>..........] - ETA: 0s - loss: 0.0033 - mae: 0.0646
21/29 [====================>.........] - ETA: 0s - loss: 0.0033 - mae: 0.0644
22/29 [=====================>........] - ETA: 0s - loss: 0.0032 - mae: 0.0633
23/29 [======================>.......] - ETA: 0s - loss: 0.0033 - mae: 0.0640
24/29 [=======================>......] - ETA: 0s - loss: 0.0033 - mae: 0.0640
25/29 [========================>.....] - ETA: 0s - loss: 0.0032 - mae: 0.0633
26/29 [=========================>....] - ETA: 0s - loss: 0.0031 - mae: 0.0616
27/29 [==========================>...] - ETA: 0s - loss: 0.0030 - mae: 0.0597
28/29 [===========================>..] - ETA: 0s - loss: 0.0029 - mae: 0.0583
29/29 [==============================] - 2s 69ms/step - loss: 0.0029 - mae: 0.0582 - val_loss: 0.0119 - val_mae: 0.1385 - lr: 0.0030
Epoch 11/200

 1/29 [>.............................] - ETA: 2s - loss: 0.0331 - mae: 0.2372
 2/29 [=>............................] - ETA: 2s - loss: 0.0221 - mae: 0.1785
 3/29 [==>...........................] - ETA: 2s - loss: 0.0157 - mae: 0.1411
 4/29 [===>..........................] - ETA: 2s - loss: 0.0154 - mae: 0.1444
 5/29 [====>.........................] - ETA: 1s - loss: 0.0140 - mae: 0.1395
 6/29 [=====>........................] - ETA: 1s - loss: 0.0130 - mae: 0.1355
 7/29 [======>.......................] - ETA: 1s - loss: 0.0121 - mae: 0.1313
 8/29 [=======>......................] - ETA: 1s - loss: 0.0108 - mae: 0.1210
 9/29 [========>.....................] - ETA: 1s - loss: 0.0098 - mae: 0.1120
10/29 [=========>....................] - ETA: 1s - loss: 0.0095 - mae: 0.1123
11/29 [==========>...................] - ETA: 1s - loss: 0.0092 - mae: 0.1111
12/29 [===========>..................] - ETA: 1s - loss: 0.0091 - mae: 0.1118
13/29 [============>.................] - ETA: 1s - loss: 0.0091 - mae: 0.1132
14/29 [=============>................] - ETA: 0s - loss: 0.0092 - mae: 0.1154
15/29 [==============>...............] - ETA: 0s - loss: 0.0092 - mae: 0.1165
17/29 [================>.............] - ETA: 0s - loss: 0.0086 - mae: 0.1108
18/29 [=================>............] - ETA: 0s - loss: 0.0086 - mae: 0.1111
19/29 [==================>...........] - ETA: 0s - loss: 0.0085 - mae: 0.1111
20/29 [===================>..........] - ETA: 0s - loss: 0.0085 - mae: 0.1112
21/29 [====================>.........] - ETA: 0s - loss: 0.0084 - mae: 0.1112
22/29 [=====================>........] - ETA: 0s - loss: 0.0081 - mae: 0.1085
23/29 [======================>.......] - ETA: 0s - loss: 0.0078 - mae: 0.1054
24/29 [=======================>......] - ETA: 0s - loss: 0.0077 - mae: 0.1037
25/29 [========================>.....] - ETA: 0s - loss: 0.0074 - mae: 0.1010
26/29 [=========================>....] - ETA: 0s - loss: 0.0071 - mae: 0.0979
27/29 [==========================>...] - ETA: 0s - loss: 0.0069 - mae: 0.0948
28/29 [===========================>..] - ETA: 0s - loss: 0.0066 - mae: 0.0918
29/29 [==============================] - 2s 66ms/step - loss: 0.0066 - mae: 0.0915 - val_loss: 0.0050 - val_mae: 0.0847 - lr: 0.0030
Epoch 12/200

 1/29 [>.............................] - ETA: 1s - loss: 0.0637 - mae: 0.3518
 2/29 [=>............................] - ETA: 1s - loss: 0.0458 - mae: 0.2882
 3/29 [==>...........................] - ETA: 1s - loss: 0.0316 - mae: 0.2138
 5/29 [====>.........................] - ETA: 1s - loss: 0.0237 - mae: 0.1848
 7/29 [======>.......................] - ETA: 1s - loss: 0.0212 - mae: 0.1778
 8/29 [=======>......................] - ETA: 1s - loss: 0.0189 - mae: 0.1640
10/29 [=========>....................] - ETA: 0s - loss: 0.0155 - mae: 0.1403
12/29 [===========>..................] - ETA: 0s - loss: 0.0136 - mae: 0.1306
14/29 [=============>................] - ETA: 0s - loss: 0.0128 - mae: 0.1286
16/29 [===============>..............] - ETA: 0s - loss: 0.0121 - mae: 0.1248
18/29 [=================>............] - ETA: 0s - loss: 0.0113 - mae: 0.1208
20/29 [===================>..........] - ETA: 0s - loss: 0.0109 - mae: 0.1192
21/29 [====================>.........] - ETA: 0s - loss: 0.0106 - mae: 0.1175
22/29 [=====================>........] - ETA: 0s - loss: 0.0102 - mae: 0.1147
23/29 [======================>.......] - ETA: 0s - loss: 0.0098 - mae: 0.1110
25/29 [========================>.....] - ETA: 0s - loss: 0.0092 - mae: 0.1055
27/29 [==========================>...] - ETA: 0s - loss: 0.0085 - mae: 0.0997
28/29 [===========================>..] - ETA: 0s - loss: 0.0082 - mae: 0.0967
29/29 [==============================] - 2s 56ms/step - loss: 0.0082 - mae: 0.0963 - val_loss: 0.0022 - val_mae: 0.0532 - lr: 0.0030
Epoch 13/200

 1/29 [>.............................] - ETA: 1s - loss: 0.0336 - mae: 0.2447
 2/29 [=>............................] - ETA: 1s - loss: 0.0225 - mae: 0.1864
 3/29 [==>...........................] - ETA: 1s - loss: 0.0160 - mae: 0.1429
 4/29 [===>..........................] - ETA: 1s - loss: 0.0142 - mae: 0.1360
 5/29 [====>.........................] - ETA: 1s - loss: 0.0122 - mae: 0.1234
 6/29 [=====>........................] - ETA: 1s - loss: 0.0112 - mae: 0.1198
 7/29 [======>.......................] - ETA: 1s - loss: 0.0106 - mae: 0.1186
 8/29 [=======>......................] - ETA: 1s - loss: 0.0096 - mae: 0.1108
 9/29 [========>.....................] - ETA: 1s - loss: 0.0086 - mae: 0.1024
10/29 [=========>....................] - ETA: 1s - loss: 0.0079 - mae: 0.0968
11/29 [==========>...................] - ETA: 1s - loss: 0.0076 - mae: 0.0948
12/29 [===========>..................] - ETA: 0s - loss: 0.0073 - mae: 0.0934
13/29 [============>.................] - ETA: 0s - loss: 0.0070 - mae: 0.0925
14/29 [=============>................] - ETA: 0s - loss: 0.0069 - mae: 0.0922
15/29 [==============>...............] - ETA: 0s - loss: 0.0066 - mae: 0.0904
16/29 [===============>..............] - ETA: 0s - loss: 0.0064 - mae: 0.0878
17/29 [================>.............] - ETA: 0s - loss: 0.0061 - mae: 0.0857
18/29 [=================>............] - ETA: 0s - loss: 0.0062 - mae: 0.0870
19/29 [==================>...........] - ETA: 0s - loss: 0.0060 - mae: 0.0853
20/29 [===================>..........] - ETA: 0s - loss: 0.0058 - mae: 0.0836
21/29 [====================>.........] - ETA: 0s - loss: 0.0056 - mae: 0.0821
22/29 [=====================>........] - ETA: 0s - loss: 0.0054 - mae: 0.0801
23/29 [======================>.......] - ETA: 0s - loss: 0.0053 - mae: 0.0786
25/29 [========================>.....] - ETA: 0s - loss: 0.0052 - mae: 0.0780
27/29 [==========================>...] - ETA: 0s - loss: 0.0050 - mae: 0.0771
28/29 [===========================>..] - ETA: 0s - loss: 0.0048 - mae: 0.0758
29/29 [==============================] - 2s 61ms/step - loss: 0.0048 - mae: 0.0755 - val_loss: 2.1013e-04 - val_mae: 0.0153 - lr: 0.0030
Epoch 14/200

 1/29 [>.............................] - ETA: 1s - loss: 0.0102 - mae: 0.1118
 2/29 [=>............................] - ETA: 1s - loss: 0.0081 - mae: 0.1039
 3/29 [==>...........................] - ETA: 1s - loss: 0.0080 - mae: 0.0983
 5/29 [====>.........................] - ETA: 1s - loss: 0.0058 - mae: 0.0797
 7/29 [======>.......................] - ETA: 1s - loss: 0.0047 - mae: 0.0694
 8/29 [=======>......................] - ETA: 1s - loss: 0.0043 - mae: 0.0661
 9/29 [========>.....................] - ETA: 1s - loss: 0.0040 - mae: 0.0634
11/29 [==========>...................] - ETA: 0s - loss: 0.0036 - mae: 0.0621
13/29 [============>.................] - ETA: 0s - loss: 0.0033 - mae: 0.0597
15/29 [==============>...............] - ETA: 0s - loss: 0.0032 - mae: 0.0579
16/29 [===============>..............] - ETA: 0s - loss: 0.0031 - mae: 0.0581
17/29 [================>.............] - ETA: 0s - loss: 0.0032 - mae: 0.0583
18/29 [=================>............] - ETA: 0s - loss: 0.0032 - mae: 0.0584
19/29 [==================>...........] - ETA: 0s - loss: 0.0032 - mae: 0.0594
20/29 [===================>..........] - ETA: 0s - loss: 0.0032 - mae: 0.0602
21/29 [====================>.........] - ETA: 0s - loss: 0.0032 - mae: 0.0603
22/29 [=====================>........] - ETA: 0s - loss: 0.0032 - mae: 0.0604
23/29 [======================>.......] - ETA: 0s - loss: 0.0032 - mae: 0.0600
24/29 [=======================>......] - ETA: 0s - loss: 0.0031 - mae: 0.0595
25/29 [========================>.....] - ETA: 0s - loss: 0.0031 - mae: 0.0601
26/29 [=========================>....] - ETA: 0s - loss: 0.0031 - mae: 0.0602
28/29 [===========================>..] - ETA: 0s - loss: 0.0030 - mae: 0.0586
29/29 [==============================] - 2s 56ms/step - loss: 0.0029 - mae: 0.0584 - val_loss: 5.6009e-04 - val_mae: 0.0282 - lr: 0.0030
Epoch 15/200

 1/29 [>.............................] - ETA: 1s - loss: 0.0247 - mae: 0.1938
 2/29 [=>............................] - ETA: 1s - loss: 0.0151 - mae: 0.1300
 3/29 [==>...........................] - ETA: 1s - loss: 0.0133 - mae: 0.1265
 4/29 [===>..........................] - ETA: 1s - loss: 0.0120 - mae: 0.1231
 6/29 [=====>........................] - ETA: 1s - loss: 0.0086 - mae: 0.0972
 8/29 [=======>......................] - ETA: 1s - loss: 0.0067 - mae: 0.0821
10/29 [=========>....................] - ETA: 0s - loss: 0.0057 - mae: 0.0752
11/29 [==========>...................] - ETA: 0s - loss: 0.0054 - mae: 0.0724
12/29 [===========>..................] - ETA: 0s - loss: 0.0050 - mae: 0.0692
13/29 [============>.................] - ETA: 0s - loss: 0.0047 - mae: 0.0665
14/29 [=============>................] - ETA: 0s - loss: 0.0045 - mae: 0.0646
15/29 [==============>...............] - ETA: 0s - loss: 0.0043 - mae: 0.0627
16/29 [===============>..............] - ETA: 0s - loss: 0.0041 - mae: 0.0620
17/29 [================>.............] - ETA: 0s - loss: 0.0040 - mae: 0.0617
18/29 [=================>............] - ETA: 0s - loss: 0.0040 - mae: 0.0624
19/29 [==================>...........] - ETA: 0s - loss: 0.0039 - mae: 0.0616
20/29 [===================>..........] - ETA: 0s - loss: 0.0038 - mae: 0.0607
21/29 [====================>.........] - ETA: 0s - loss: 0.0037 - mae: 0.0599
22/29 [=====================>........] - ETA: 0s - loss: 0.0036 - mae: 0.0587
23/29 [======================>.......] - ETA: 0s - loss: 0.0035 - mae: 0.0579
24/29 [=======================>......] - ETA: 0s - loss: 0.0035 - mae: 0.0579
25/29 [========================>.....] - ETA: 0s - loss: 0.0037 - mae: 0.0605
26/29 [=========================>....] - ETA: 0s - loss: 0.0037 - mae: 0.0620
27/29 [==========================>...] - ETA: 0s - loss: 0.0037 - mae: 0.0620
28/29 [===========================>..] - ETA: 0s - loss: 0.0035 - mae: 0.0609
29/29 [==============================] - 2s 57ms/step - loss: 0.0035 - mae: 0.0608 - val_loss: 0.0022 - val_mae: 0.0540 - lr: 0.0030
Epoch 16/200

 1/29 [>.............................] - ETA: 1s - loss: 0.0090 - mae: 0.0929
 2/29 [=>............................] - ETA: 1s - loss: 0.0079 - mae: 0.0949
 3/29 [==>...........................] - ETA: 1s - loss: 0.0064 - mae: 0.0849
 4/29 [===>..........................] - ETA: 1s - loss: 0.0054 - mae: 0.0777
 5/29 [====>.........................] - ETA: 1s - loss: 0.0046 - mae: 0.0693
 6/29 [=====>........................] - ETA: 1s - loss: 0.0040 - mae: 0.0632
 7/29 [======>.......................] - ETA: 1s - loss: 0.0036 - mae: 0.0595
 9/29 [========>.....................] - ETA: 1s - loss: 0.0030 - mae: 0.0545
11/29 [==========>...................] - ETA: 0s - loss: 0.0026 - mae: 0.0506
13/29 [============>.................] - ETA: 0s - loss: 0.0023 - mae: 0.0474
14/29 [=============>................] - ETA: 0s - loss: 0.0022 - mae: 0.0461
15/29 [==============>...............] - ETA: 0s - loss: 0.0022 - mae: 0.0457
17/29 [================>.............] - ETA: 0s - loss: 0.0021 - mae: 0.0460
18/29 [=================>............] - ETA: 0s - loss: 0.0022 - mae: 0.0471
20/29 [===================>..........] - ETA: 0s - loss: 0.0021 - mae: 0.0465
22/29 [=====================>........] - ETA: 0s - loss: 0.0020 - mae: 0.0463
24/29 [=======================>......] - ETA: 0s - loss: 0.0020 - mae: 0.0457
26/29 [=========================>....] - ETA: 0s - loss: 0.0019 - mae: 0.0451
27/29 [==========================>...] - ETA: 0s - loss: 0.0018 - mae: 0.0439
29/29 [==============================] - ETA: 0s - loss: 0.0018 - mae: 0.0435
29/29 [==============================] - 2s 52ms/step - loss: 0.0018 - mae: 0.0435 - val_loss: 0.0039 - val_mae: 0.0840 - lr: 0.0030
Epoch 17/200

 1/29 [>.............................] - ETA: 1s - loss: 0.0081 - mae: 0.1051
 3/29 [==>...........................] - ETA: 1s - loss: 0.0052 - mae: 0.0819
 5/29 [====>.........................] - ETA: 1s - loss: 0.0042 - mae: 0.0714
 7/29 [======>.......................] - ETA: 1s - loss: 0.0035 - mae: 0.0634
 9/29 [========>.....................] - ETA: 0s - loss: 0.0029 - mae: 0.0570
11/29 [==========>...................] - ETA: 0s - loss: 0.0027 - mae: 0.0562
13/29 [============>.................] - ETA: 0s - loss: 0.0025 - mae: 0.0538
15/29 [==============>...............] - ETA: 0s - loss: 0.0025 - mae: 0.0535
17/29 [================>.............] - ETA: 0s - loss: 0.0024 - mae: 0.0531
19/29 [==================>...........] - ETA: 0s - loss: 0.0024 - mae: 0.0529
20/29 [===================>..........] - ETA: 0s - loss: 0.0024 - mae: 0.0529
21/29 [====================>.........] - ETA: 0s - loss: 0.0024 - mae: 0.0529
22/29 [=====================>........] - ETA: 0s - loss: 0.0023 - mae: 0.0531
23/29 [======================>.......] - ETA: 0s - loss: 0.0023 - mae: 0.0521
25/29 [========================>.....] - ETA: 0s - loss: 0.0023 - mae: 0.0516
26/29 [=========================>....] - ETA: 0s - loss: 0.0022 - mae: 0.0508
27/29 [==========================>...] - ETA: 0s - loss: 0.0022 - mae: 0.0498
29/29 [==============================] - ETA: 0s - loss: 0.0021 - mae: 0.0487
29/29 [==============================] - 2s 52ms/step - loss: 0.0021 - mae: 0.0487 - val_loss: 0.0040 - val_mae: 0.0840 - lr: 0.0030
Epoch 18/200

 1/29 [>.............................] - ETA: 1s - loss: 0.0255 - mae: 0.2089
 2/29 [=>............................] - ETA: 1s - loss: 0.0154 - mae: 0.1415
 3/29 [==>...........................] - ETA: 1s - loss: 0.0109 - mae: 0.1116
 4/29 [===>..........................] - ETA: 1s - loss: 0.0097 - mae: 0.1066
 6/29 [=====>........................] - ETA: 1s - loss: 0.0072 - mae: 0.0903
 7/29 [======>.......................] - ETA: 1s - loss: 0.0066 - mae: 0.0869
 8/29 [=======>......................] - ETA: 1s - loss: 0.0060 - mae: 0.0820
10/29 [=========>....................] - ETA: 0s - loss: 0.0051 - mae: 0.0745
12/29 [===========>..................] - ETA: 0s - loss: 0.0046 - mae: 0.0722
13/29 [============>.................] - ETA: 0s - loss: 0.0044 - mae: 0.0709
14/29 [=============>................] - ETA: 0s - loss: 0.0042 - mae: 0.0689
16/29 [===============>..............] - ETA: 0s - loss: 0.0040 - mae: 0.0671
17/29 [================>.............] - ETA: 0s - loss: 0.0039 - mae: 0.0671
19/29 [==================>...........] - ETA: 0s - loss: 0.0039 - mae: 0.0668
20/29 [===================>..........] - ETA: 0s - loss: 0.0037 - mae: 0.0656
22/29 [=====================>........] - ETA: 0s - loss: 0.0035 - mae: 0.0630
24/29 [=======================>......] - ETA: 0s - loss: 0.0034 - mae: 0.0620
26/29 [=========================>....] - ETA: 0s - loss: 0.0034 - mae: 0.0637
28/29 [===========================>..] - ETA: 0s - loss: 0.0032 - mae: 0.0617
29/29 [==============================] - 2s 54ms/step - loss: 0.0032 - mae: 0.0615 - val_loss: 0.0029 - val_mae: 0.0734 - lr: 0.0030
Epoch 19/200

 1/29 [>.............................] - ETA: 1s - loss: 0.0139 - mae: 0.1428
 2/29 [=>............................] - ETA: 1s - loss: 0.0088 - mae: 0.1099
 3/29 [==>...........................] - ETA: 1s - loss: 0.0080 - mae: 0.1064
 4/29 [===>..........................] - ETA: 1s - loss: 0.0082 - mae: 0.1117
 6/29 [=====>........................] - ETA: 1s - loss: 0.0066 - mae: 0.0991
 8/29 [=======>......................] - ETA: 1s - loss: 0.0056 - mae: 0.0910
10/29 [=========>....................] - ETA: 0s - loss: 0.0046 - mae: 0.0793
11/29 [==========>...................] - ETA: 0s - loss: 0.0044 - mae: 0.0768
12/29 [===========>..................] - ETA: 0s - loss: 0.0042 - mae: 0.0758
13/29 [============>.................] - ETA: 0s - loss: 0.0041 - mae: 0.0746
15/29 [==============>...............] - ETA: 0s - loss: 0.0037 - mae: 0.0694
17/29 [================>.............] - ETA: 0s - loss: 0.0035 - mae: 0.0668
19/29 [==================>...........] - ETA: 0s - loss: 0.0034 - mae: 0.0653
21/29 [====================>.........] - ETA: 0s - loss: 0.0033 - mae: 0.0640
22/29 [=====================>........] - ETA: 0s - loss: 0.0033 - mae: 0.0638
24/29 [=======================>......] - ETA: 0s - loss: 0.0032 - mae: 0.0626
25/29 [========================>.....] - ETA: 0s - loss: 0.0031 - mae: 0.0619
26/29 [=========================>....] - ETA: 0s - loss: 0.0030 - mae: 0.0611
28/29 [===========================>..] - ETA: 0s - loss: 0.0028 - mae: 0.0578
29/29 [==============================] - 2s 55ms/step - loss: 0.0028 - mae: 0.0576 - val_loss: 0.0015 - val_mae: 0.0511 - lr: 0.0030
Epoch 20/200

 1/29 [>.............................] - ETA: 1s - loss: 0.0207 - mae: 0.1913
 2/29 [=>............................] - ETA: 1s - loss: 0.0140 - mae: 0.1448
 3/29 [==>...........................] - ETA: 1s - loss: 0.0103 - mae: 0.1180
 4/29 [===>..........................] - ETA: 1s - loss: 0.0092 - mae: 0.1138
 5/29 [====>.........................] - ETA: 1s - loss: 0.0083 - mae: 0.1084
 6/29 [=====>........................] - ETA: 1s - loss: 0.0077 - mae: 0.1050
 7/29 [======>.......................] - ETA: 1s - loss: 0.0070 - mae: 0.1001
 8/29 [=======>......................] - ETA: 1s - loss: 0.0064 - mae: 0.0940
 9/29 [========>.....................] - ETA: 1s - loss: 0.0059 - mae: 0.0891
10/29 [=========>....................] - ETA: 1s - loss: 0.0054 - mae: 0.0834
11/29 [==========>...................] - ETA: 0s - loss: 0.0050 - mae: 0.0794
12/29 [===========>..................] - ETA: 0s - loss: 0.0047 - mae: 0.0777
13/29 [============>.................] - ETA: 0s - loss: 0.0046 - mae: 0.0766
14/29 [=============>................] - ETA: 0s - loss: 0.0046 - mae: 0.0775
15/29 [==============>...............] - ETA: 0s - loss: 0.0046 - mae: 0.0787
16/29 [===============>..............] - ETA: 0s - loss: 0.0045 - mae: 0.0774
17/29 [================>.............] - ETA: 0s - loss: 0.0043 - mae: 0.0761
19/29 [==================>...........] - ETA: 0s - loss: 0.0043 - mae: 0.0759
20/29 [===================>..........] - ETA: 0s - loss: 0.0042 - mae: 0.0753
21/29 [====================>.........] - ETA: 0s - loss: 0.0041 - mae: 0.0739
22/29 [=====================>........] - ETA: 0s - loss: 0.0040 - mae: 0.0726
23/29 [======================>.......] - ETA: 0s - loss: 0.0039 - mae: 0.0708
24/29 [=======================>......] - ETA: 0s - loss: 0.0038 - mae: 0.0694
25/29 [========================>.....] - ETA: 0s - loss: 0.0039 - mae: 0.0709
26/29 [=========================>....] - ETA: 0s - loss: 0.0039 - mae: 0.0714
27/29 [==========================>...] - ETA: 0s - loss: 0.0038 - mae: 0.0705
28/29 [===========================>..] - ETA: 0s - loss: 0.0037 - mae: 0.0690
29/29 [==============================] - 2s 64ms/step - loss: 0.0037 - mae: 0.0687 - val_loss: 0.0036 - val_mae: 0.0835 - lr: 0.0030
Epoch 21/200

 1/29 [>.............................] - ETA: 1s - loss: 0.0095 - mae: 0.1093
 2/29 [=>............................] - ETA: 1s - loss: 0.0106 - mae: 0.1135
 3/29 [==>...........................] - ETA: 1s - loss: 0.0079 - mae: 0.0936
 4/29 [===>..........................] - ETA: 1s - loss: 0.0065 - mae: 0.0851
 5/29 [====>.........................] - ETA: 1s - loss: 0.0055 - mae: 0.0755
 6/29 [=====>........................] - ETA: 1s - loss: 0.0049 - mae: 0.0718
 7/29 [======>.......................] - ETA: 1s - loss: 0.0045 - mae: 0.0699
 8/29 [=======>......................] - ETA: 1s - loss: 0.0042 - mae: 0.0674
 9/29 [========>.....................] - ETA: 1s - loss: 0.0039 - mae: 0.0661
10/29 [=========>....................] - ETA: 1s - loss: 0.0036 - mae: 0.0629
11/29 [==========>...................] - ETA: 1s - loss: 0.0034 - mae: 0.0602
13/29 [============>.................] - ETA: 0s - loss: 0.0031 - mae: 0.0578
14/29 [=============>................] - ETA: 0s - loss: 0.0031 - mae: 0.0579
15/29 [==============>...............] - ETA: 0s - loss: 0.0030 - mae: 0.0573
16/29 [===============>..............] - ETA: 0s - loss: 0.0030 - mae: 0.0569
17/29 [================>.............] - ETA: 0s - loss: 0.0029 - mae: 0.0572
18/29 [=================>............] - ETA: 0s - loss: 0.0030 - mae: 0.0583
19/29 [==================>...........] - ETA: 0s - loss: 0.0029 - mae: 0.0576
20/29 [===================>..........] - ETA: 0s - loss: 0.0028 - mae: 0.0564
21/29 [====================>.........] - ETA: 0s - loss: 0.0028 - mae: 0.0556
22/29 [=====================>........] - ETA: 0s - loss: 0.0027 - mae: 0.0545
23/29 [======================>.......] - ETA: 0s - loss: 0.0026 - mae: 0.0536
24/29 [=======================>......] - ETA: 0s - loss: 0.0026 - mae: 0.0535
25/29 [========================>.....] - ETA: 0s - loss: 0.0028 - mae: 0.0561
26/29 [=========================>....] - ETA: 0s - loss: 0.0028 - mae: 0.0570
27/29 [==========================>...] - ETA: 0s - loss: 0.0027 - mae: 0.0553
28/29 [===========================>..] - ETA: 0s - loss: 0.0027 - mae: 0.0549
29/29 [==============================] - 2s 66ms/step - loss: 0.0027 - mae: 0.0549 - val_loss: 4.9093e-04 - val_mae: 0.0274 - lr: 0.0030
Epoch 22/200

 1/29 [>.............................] - ETA: 1s - loss: 0.0196 - mae: 0.1782
 2/29 [=>............................] - ETA: 1s - loss: 0.0119 - mae: 0.1262
 3/29 [==>...........................] - ETA: 1s - loss: 0.0121 - mae: 0.1321
 5/29 [====>.........................] - ETA: 1s - loss: 0.0101 - mae: 0.1200
 7/29 [======>.......................] - ETA: 1s - loss: 0.0088 - mae: 0.1148
 8/29 [=======>......................] - ETA: 1s - loss: 0.0083 - mae: 0.1119
 9/29 [========>.....................] - ETA: 1s - loss: 0.0077 - mae: 0.1060
10/29 [=========>....................] - ETA: 1s - loss: 0.0071 - mae: 0.0996
11/29 [==========>...................] - ETA: 1s - loss: 0.0065 - mae: 0.0930
12/29 [===========>..................] - ETA: 0s - loss: 0.0061 - mae: 0.0897
13/29 [============>.................] - ETA: 0s - loss: 0.0058 - mae: 0.0871
14/29 [=============>................] - ETA: 0s - loss: 0.0054 - mae: 0.0837
15/29 [==============>...............] - ETA: 0s - loss: 0.0052 - mae: 0.0809
16/29 [===============>..............] - ETA: 0s - loss: 0.0050 - mae: 0.0790
17/29 [================>.............] - ETA: 0s - loss: 0.0049 - mae: 0.0774
18/29 [=================>............] - ETA: 0s - loss: 0.0047 - mae: 0.0755
20/29 [===================>..........] - ETA: 0s - loss: 0.0045 - mae: 0.0746
22/29 [=====================>........] - ETA: 0s - loss: 0.0044 - mae: 0.0740
24/29 [=======================>......] - ETA: 0s - loss: 0.0045 - mae: 0.0742
25/29 [========================>.....] - ETA: 0s - loss: 0.0051 - mae: 0.0789
26/29 [=========================>....] - ETA: 0s - loss: 0.0052 - mae: 0.0802
27/29 [==========================>...] - ETA: 0s - loss: 0.0050 - mae: 0.0779
28/29 [===========================>..] - ETA: 0s - loss: 0.0048 - mae: 0.0765
29/29 [==============================] - 2s 62ms/step - loss: 0.0048 - mae: 0.0764 - val_loss: 0.0051 - val_mae: 0.0994 - lr: 0.0030
Epoch 23/200

 1/29 [>.............................] - ETA: 1s - loss: 0.0674 - mae: 0.3630
 2/29 [=>............................] - ETA: 1s - loss: 0.0517 - mae: 0.3106
 3/29 [==>...........................] - ETA: 1s - loss: 0.0359 - mae: 0.2324
 4/29 [===>..........................] - ETA: 1s - loss: 0.0281 - mae: 0.1960
 5/29 [====>.........................] - ETA: 1s - loss: 0.0246 - mae: 0.1836
 6/29 [=====>........................] - ETA: 1s - loss: 0.0230 - mae: 0.1809
 7/29 [======>.......................] - ETA: 1s - loss: 0.0227 - mae: 0.1830
 8/29 [=======>......................] - ETA: 1s - loss: 0.0208 - mae: 0.1732
10/29 [=========>....................] - ETA: 1s - loss: 0.0185 - mae: 0.1603
11/29 [==========>...................] - ETA: 1s - loss: 0.0183 - mae: 0.1617
12/29 [===========>..................] - ETA: 0s - loss: 0.0169 - mae: 0.1526
13/29 [============>.................] - ETA: 0s - loss: 0.0157 - mae: 0.1429
14/29 [=============>................] - ETA: 0s - loss: 0.0146 - mae: 0.1357
15/29 [==============>...............] - ETA: 0s - loss: 0.0139 - mae: 0.1312
16/29 [===============>..............] - ETA: 0s - loss: 0.0132 - mae: 0.1271
17/29 [================>.............] - ETA: 0s - loss: 0.0126 - mae: 0.1231
18/29 [=================>............] - ETA: 0s - loss: 0.0120 - mae: 0.1188
19/29 [==================>...........] - ETA: 0s - loss: 0.0115 - mae: 0.1147
20/29 [===================>..........] - ETA: 0s - loss: 0.0110 - mae: 0.1118
21/29 [====================>.........] - ETA: 0s - loss: 0.0105 - mae: 0.1082
22/29 [=====================>........] - ETA: 0s - loss: 0.0101 - mae: 0.1047
23/29 [======================>.......] - ETA: 0s - loss: 0.0097 - mae: 0.1020
24/29 [=======================>......] - ETA: 0s - loss: 0.0094 - mae: 0.0998
25/29 [========================>.....] - ETA: 0s - loss: 0.0095 - mae: 0.1013
26/29 [=========================>....] - ETA: 0s - loss: 0.0092 - mae: 0.1000
27/29 [==========================>...] - ETA: 0s - loss: 0.0089 - mae: 0.0978
28/29 [===========================>..] - ETA: 0s - loss: 0.0086 - mae: 0.0954
29/29 [==============================] - 2s 61ms/step - loss: 0.0086 - mae: 0.0951 - val_loss: 0.0011 - val_mae: 0.0404 - lr: 0.0030
Epoch 24/200

 1/29 [>.............................] - ETA: 1s - loss: 0.0069 - mae: 0.1017
 2/29 [=>............................] - ETA: 1s - loss: 0.0052 - mae: 0.0892
 3/29 [==>...........................] - ETA: 1s - loss: 0.0045 - mae: 0.0787
 4/29 [===>..........................] - ETA: 1s - loss: 0.0044 - mae: 0.0766
 5/29 [====>.........................] - ETA: 1s - loss: 0.0039 - mae: 0.0718
 6/29 [=====>........................] - ETA: 1s - loss: 0.0035 - mae: 0.0661
 7/29 [======>.......................] - ETA: 1s - loss: 0.0031 - mae: 0.0624
 8/29 [=======>......................] - ETA: 1s - loss: 0.0028 - mae: 0.0587
 9/29 [========>.....................] - ETA: 1s - loss: 0.0026 - mae: 0.0557
10/29 [=========>....................] - ETA: 1s - loss: 0.0025 - mae: 0.0542
11/29 [==========>...................] - ETA: 1s - loss: 0.0024 - mae: 0.0543
12/29 [===========>..................] - ETA: 1s - loss: 0.0024 - mae: 0.0540
13/29 [============>.................] - ETA: 1s - loss: 0.0023 - mae: 0.0530
14/29 [=============>................] - ETA: 0s - loss: 0.0021 - mae: 0.0510
15/29 [==============>...............] - ETA: 0s - loss: 0.0021 - mae: 0.0509
16/29 [===============>..............] - ETA: 0s - loss: 0.0021 - mae: 0.0507
17/29 [================>.............] - ETA: 0s - loss: 0.0022 - mae: 0.0509
19/29 [==================>...........] - ETA: 0s - loss: 0.0021 - mae: 0.0510
20/29 [===================>..........] - ETA: 0s - loss: 0.0022 - mae: 0.0515
21/29 [====================>.........] - ETA: 0s - loss: 0.0022 - mae: 0.0519
22/29 [=====================>........] - ETA: 0s - loss: 0.0021 - mae: 0.0513
24/29 [=======================>......] - ETA: 0s - loss: 0.0021 - mae: 0.0502
26/29 [=========================>....] - ETA: 0s - loss: 0.0021 - mae: 0.0510
28/29 [===========================>..] - ETA: 0s - loss: 0.0022 - mae: 0.0525
29/29 [==============================] - 2s 61ms/step - loss: 0.0022 - mae: 0.0524 - val_loss: 4.4176e-04 - val_mae: 0.0230 - lr: 0.0030
Epoch 25/200

 1/29 [>.............................] - ETA: 1s - loss: 0.0226 - mae: 0.2018
 2/29 [=>............................] - ETA: 1s - loss: 0.0148 - mae: 0.1484
 3/29 [==>...........................] - ETA: 1s - loss: 0.0110 - mae: 0.1230
 4/29 [===>..........................] - ETA: 1s - loss: 0.0111 - mae: 0.1272
 5/29 [====>.........................] - ETA: 1s - loss: 0.0096 - mae: 0.1177
 7/29 [======>.......................] - ETA: 1s - loss: 0.0073 - mae: 0.0984
 9/29 [========>.....................] - ETA: 1s - loss: 0.0059 - mae: 0.0844
11/29 [==========>...................] - ETA: 0s - loss: 0.0052 - mae: 0.0792
13/29 [============>.................] - ETA: 0s - loss: 0.0047 - mae: 0.0756
14/29 [=============>................] - ETA: 0s - loss: 0.0045 - mae: 0.0733
15/29 [==============>...............] - ETA: 0s - loss: 0.0043 - mae: 0.0721
16/29 [===============>..............] - ETA: 0s - loss: 0.0042 - mae: 0.0711
18/29 [=================>............] - ETA: 0s - loss: 0.0042 - mae: 0.0718
20/29 [===================>..........] - ETA: 0s - loss: 0.0039 - mae: 0.0685
22/29 [=====================>........] - ETA: 0s - loss: 0.0036 - mae: 0.0654
23/29 [======================>.......] - ETA: 0s - loss: 0.0035 - mae: 0.0646
24/29 [=======================>......] - ETA: 0s - loss: 0.0035 - mae: 0.0640
26/29 [=========================>....] - ETA: 0s - loss: 0.0034 - mae: 0.0631
28/29 [===========================>..] - ETA: 0s - loss: 0.0032 - mae: 0.0602
29/29 [==============================] - 2s 55ms/step - loss: 0.0031 - mae: 0.0600 - val_loss: 2.4210e-04 - val_mae: 0.0161 - lr: 0.0030
Epoch 26/200

 1/29 [>.............................] - ETA: 1s - loss: 0.0030 - mae: 0.0536
 2/29 [=>............................] - ETA: 1s - loss: 0.0041 - mae: 0.0633
 3/29 [==>...........................] - ETA: 1s - loss: 0.0035 - mae: 0.0617
 4/29 [===>..........................] - ETA: 1s - loss: 0.0033 - mae: 0.0606
 5/29 [====>.........................] - ETA: 1s - loss: 0.0030 - mae: 0.0590
 6/29 [=====>........................] - ETA: 1s - loss: 0.0027 - mae: 0.0547
 7/29 [======>.......................] - ETA: 1s - loss: 0.0024 - mae: 0.0512
 8/29 [=======>......................] - ETA: 1s - loss: 0.0022 - mae: 0.0496
 9/29 [========>.....................] - ETA: 1s - loss: 0.0021 - mae: 0.0470
11/29 [==========>...................] - ETA: 0s - loss: 0.0018 - mae: 0.0434
12/29 [===========>..................] - ETA: 0s - loss: 0.0017 - mae: 0.0411
13/29 [============>.................] - ETA: 0s - loss: 0.0016 - mae: 0.0401
14/29 [=============>................] - ETA: 0s - loss: 0.0016 - mae: 0.0412
15/29 [==============>...............] - ETA: 0s - loss: 0.0017 - mae: 0.0431
16/29 [===============>..............] - ETA: 0s - loss: 0.0017 - mae: 0.0436
17/29 [================>.............] - ETA: 0s - loss: 0.0018 - mae: 0.0443
18/29 [=================>............] - ETA: 0s - loss: 0.0018 - mae: 0.0444
19/29 [==================>...........] - ETA: 0s - loss: 0.0018 - mae: 0.0438
20/29 [===================>..........] - ETA: 0s - loss: 0.0018 - mae: 0.0443
21/29 [====================>.........] - ETA: 0s - loss: 0.0019 - mae: 0.0454
22/29 [=====================>........] - ETA: 0s - loss: 0.0019 - mae: 0.0457
23/29 [======================>.......] - ETA: 0s - loss: 0.0019 - mae: 0.0462
24/29 [=======================>......] - ETA: 0s - loss: 0.0019 - mae: 0.0471
25/29 [========================>.....] - ETA: 0s - loss: 0.0021 - mae: 0.0497
26/29 [=========================>....] - ETA: 0s - loss: 0.0021 - mae: 0.0498
27/29 [==========================>...] - ETA: 0s - loss: 0.0020 - mae: 0.0489
28/29 [===========================>..] - ETA: 0s - loss: 0.0020 - mae: 0.0480
29/29 [==============================] - 2s 57ms/step - loss: 0.0020 - mae: 0.0479 - val_loss: 0.0061 - val_mae: 0.1088 - lr: 0.0030
Epoch 27/200

 1/29 [>.............................] - ETA: 1s - loss: 0.0229 - mae: 0.1975
 2/29 [=>............................] - ETA: 1s - loss: 0.0157 - mae: 0.1510
 3/29 [==>...........................] - ETA: 1s - loss: 0.0111 - mae: 0.1148
 4/29 [===>..........................] - ETA: 1s - loss: 0.0091 - mae: 0.1029
 5/29 [====>.........................] - ETA: 1s - loss: 0.0075 - mae: 0.0893
 6/29 [=====>........................] - ETA: 1s - loss: 0.0065 - mae: 0.0820
 7/29 [======>.......................] - ETA: 1s - loss: 0.0065 - mae: 0.0854
 8/29 [=======>......................] - ETA: 1s - loss: 0.0062 - mae: 0.0837
 9/29 [========>.....................] - ETA: 1s - loss: 0.0057 - mae: 0.0797
10/29 [=========>....................] - ETA: 1s - loss: 0.0052 - mae: 0.0748
11/29 [==========>...................] - ETA: 1s - loss: 0.0049 - mae: 0.0728
12/29 [===========>..................] - ETA: 0s - loss: 0.0048 - mae: 0.0733
13/29 [============>.................] - ETA: 0s - loss: 0.0045 - mae: 0.0721
14/29 [=============>................] - ETA: 0s - loss: 0.0044 - mae: 0.0714
15/29 [==============>...............] - ETA: 0s - loss: 0.0042 - mae: 0.0686
16/29 [===============>..............] - ETA: 0s - loss: 0.0041 - mae: 0.0681
17/29 [================>.............] - ETA: 0s - loss: 0.0040 - mae: 0.0679
19/29 [==================>...........] - ETA: 0s - loss: 0.0040 - mae: 0.0680
20/29 [===================>..........] - ETA: 0s - loss: 0.0039 - mae: 0.0678
21/29 [====================>.........] - ETA: 0s - loss: 0.0040 - mae: 0.0688
22/29 [=====================>........] - ETA: 0s - loss: 0.0039 - mae: 0.0685
23/29 [======================>.......] - ETA: 0s - loss: 0.0038 - mae: 0.0685
24/29 [=======================>......] - ETA: 0s - loss: 0.0038 - mae: 0.0676
25/29 [========================>.....] - ETA: 0s - loss: 0.0037 - mae: 0.0669
26/29 [=========================>....] - ETA: 0s - loss: 0.0036 - mae: 0.0657
27/29 [==========================>...] - ETA: 0s - loss: 0.0035 - mae: 0.0644
29/29 [==============================] - ETA: 0s - loss: 0.0034 - mae: 0.0626
29/29 [==============================] - 2s 58ms/step - loss: 0.0034 - mae: 0.0626 - val_loss: 0.0016 - val_mae: 0.0467 - lr: 0.0030
Epoch 28/200

 1/29 [>.............................] - ETA: 1s - loss: 0.0267 - mae: 0.2121
 3/29 [==>...........................] - ETA: 1s - loss: 0.0127 - mae: 0.1294
 5/29 [====>.........................] - ETA: 1s - loss: 0.0092 - mae: 0.1077
 7/29 [======>.......................] - ETA: 1s - loss: 0.0085 - mae: 0.1091
 9/29 [========>.....................] - ETA: 1s - loss: 0.0079 - mae: 0.1066
11/29 [==========>...................] - ETA: 0s - loss: 0.0070 - mae: 0.0990
12/29 [===========>..................] - ETA: 0s - loss: 0.0064 - mae: 0.0931
13/29 [============>.................] - ETA: 0s - loss: 0.0060 - mae: 0.0880
15/29 [==============>...............] - ETA: 0s - loss: 0.0054 - mae: 0.0824
16/29 [===============>..............] - ETA: 0s - loss: 0.0052 - mae: 0.0797
17/29 [================>.............] - ETA: 0s - loss: 0.0049 - mae: 0.0771
19/29 [==================>...........] - ETA: 0s - loss: 0.0050 - mae: 0.0782
20/29 [===================>..........] - ETA: 0s - loss: 0.0049 - mae: 0.0779
21/29 [====================>.........] - ETA: 0s - loss: 0.0049 - mae: 0.0782
23/29 [======================>.......] - ETA: 0s - loss: 0.0046 - mae: 0.0748
24/29 [=======================>......] - ETA: 0s - loss: 0.0046 - mae: 0.0752
25/29 [========================>.....] - ETA: 0s - loss: 0.0049 - mae: 0.0779
26/29 [=========================>....] - ETA: 0s - loss: 0.0050 - mae: 0.0793
27/29 [==========================>...] - ETA: 0s - loss: 0.0049 - mae: 0.0793
29/29 [==============================] - ETA: 0s - loss: 0.0048 - mae: 0.0793
Epoch 28: ReduceLROnPlateau reducing learning rate to 0.001500000013038516.

29/29 [==============================] - 2s 55ms/step - loss: 0.0048 - mae: 0.0793 - val_loss: 0.0012 - val_mae: 0.0392 - lr: 0.0030
Epoch 29/200

 1/29 [>.............................] - ETA: 1s - loss: 0.0879 - mae: 0.4137
 3/29 [==>...........................] - ETA: 1s - loss: 0.0540 - mae: 0.2992
 5/29 [====>.........................] - ETA: 1s - loss: 0.0341 - mae: 0.2101
 7/29 [======>.......................] - ETA: 1s - loss: 0.0254 - mae: 0.1718
 9/29 [========>.....................] - ETA: 0s - loss: 0.0214 - mae: 0.1580
10/29 [=========>....................] - ETA: 0s - loss: 0.0199 - mae: 0.1528
12/29 [===========>..................] - ETA: 0s - loss: 0.0176 - mae: 0.1445
14/29 [=============>................] - ETA: 0s - loss: 0.0154 - mae: 0.1316
15/29 [==============>...............] - ETA: 0s - loss: 0.0145 - mae: 0.1261
17/29 [================>.............] - ETA: 0s - loss: 0.0134 - mae: 0.1206
19/29 [==================>...........] - ETA: 0s - loss: 0.0123 - mae: 0.1137
21/29 [====================>.........] - ETA: 0s - loss: 0.0113 - mae: 0.1068
23/29 [======================>.......] - ETA: 0s - loss: 0.0103 - mae: 0.1001
25/29 [========================>.....] - ETA: 0s - loss: 0.0096 - mae: 0.0953
26/29 [=========================>....] - ETA: 0s - loss: 0.0093 - mae: 0.0924
27/29 [==========================>...] - ETA: 0s - loss: 0.0089 - mae: 0.0897
29/29 [==============================] - ETA: 0s - loss: 0.0086 - mae: 0.0868
29/29 [==============================] - 2s 53ms/step - loss: 0.0086 - mae: 0.0868 - val_loss: 0.0018 - val_mae: 0.0521 - lr: 0.0015
Epoch 30/200

 1/29 [>.............................] - ETA: 1s - loss: 0.0091 - mae: 0.1007
 2/29 [=>............................] - ETA: 1s - loss: 0.0080 - mae: 0.0958
 3/29 [==>...........................] - ETA: 1s - loss: 0.0067 - mae: 0.0903
 4/29 [===>..........................] - ETA: 1s - loss: 0.0060 - mae: 0.0873
 5/29 [====>.........................] - ETA: 1s - loss: 0.0053 - mae: 0.0828
 6/29 [=====>........................] - ETA: 1s - loss: 0.0047 - mae: 0.0774
 7/29 [======>.......................] - ETA: 1s - loss: 0.0042 - mae: 0.0713
 8/29 [=======>......................] - ETA: 1s - loss: 0.0038 - mae: 0.0667
10/29 [=========>....................] - ETA: 1s - loss: 0.0032 - mae: 0.0594
11/29 [==========>...................] - ETA: 0s - loss: 0.0029 - mae: 0.0565
12/29 [===========>..................] - ETA: 0s - loss: 0.0027 - mae: 0.0540
14/29 [=============>................] - ETA: 0s - loss: 0.0025 - mae: 0.0510
15/29 [==============>...............] - ETA: 0s - loss: 0.0025 - mae: 0.0516
16/29 [===============>..............] - ETA: 0s - loss: 0.0025 - mae: 0.0517
18/29 [=================>............] - ETA: 0s - loss: 0.0026 - mae: 0.0526
19/29 [==================>...........] - ETA: 0s - loss: 0.0025 - mae: 0.0517
20/29 [===================>..........] - ETA: 0s - loss: 0.0024 - mae: 0.0513
22/29 [=====================>........] - ETA: 0s - loss: 0.0023 - mae: 0.0501
23/29 [======================>.......] - ETA: 0s - loss: 0.0022 - mae: 0.0497
24/29 [=======================>......] - ETA: 0s - loss: 0.0022 - mae: 0.0492
25/29 [========================>.....] - ETA: 0s - loss: 0.0022 - mae: 0.0490
26/29 [=========================>....] - ETA: 0s - loss: 0.0021 - mae: 0.0476
27/29 [==========================>...] - ETA: 0s - loss: 0.0020 - mae: 0.0464
28/29 [===========================>..] - ETA: 0s - loss: 0.0020 - mae: 0.0455
29/29 [==============================] - 2s 56ms/step - loss: 0.0020 - mae: 0.0454 - val_loss: 0.0022 - val_mae: 0.0595 - lr: 0.0015
Epoch 31/200

 1/29 [>.............................] - ETA: 1s - loss: 0.0028 - mae: 0.0503
 3/29 [==>...........................] - ETA: 1s - loss: 0.0027 - mae: 0.0573
 5/29 [====>.........................] - ETA: 1s - loss: 0.0022 - mae: 0.0517
 7/29 [======>.......................] - ETA: 1s - loss: 0.0019 - mae: 0.0469
 9/29 [========>.....................] - ETA: 0s - loss: 0.0017 - mae: 0.0436
11/29 [==========>...................] - ETA: 0s - loss: 0.0014 - mae: 0.0400
12/29 [===========>..................] - ETA: 0s - loss: 0.0014 - mae: 0.0386
13/29 [============>.................] - ETA: 0s - loss: 0.0013 - mae: 0.0380
14/29 [=============>................] - ETA: 0s - loss: 0.0013 - mae: 0.0376
16/29 [===============>..............] - ETA: 0s - loss: 0.0014 - mae: 0.0390
18/29 [=================>............] - ETA: 0s - loss: 0.0016 - mae: 0.0415
20/29 [===================>..........] - ETA: 0s - loss: 0.0015 - mae: 0.0415
21/29 [====================>.........] - ETA: 0s - loss: 0.0015 - mae: 0.0420
23/29 [======================>.......] - ETA: 0s - loss: 0.0015 - mae: 0.0414
24/29 [=======================>......] - ETA: 0s - loss: 0.0015 - mae: 0.0410
25/29 [========================>.....] - ETA: 0s - loss: 0.0015 - mae: 0.0412
26/29 [=========================>....] - ETA: 0s - loss: 0.0014 - mae: 0.0402Traceback (most recent call last):
  File "C:\Users\12725\Desktop\大宗绿测_基于油价因子的绿色金融产品预测与风险分析 - 副本\技术文档\源代码\oil_price_prediction_main_0309.py", line 2222, in <module>
    main(
  File "C:\Users\12725\Desktop\大宗绿测_基于油价因子的绿色金融产品预测与风险分析 - 副本\技术文档\源代码\oil_price_prediction_main_0309.py", line 1717, in main
    predictor.train_model(
  File "C:\Users\12725\Desktop\大宗绿测_基于油价因子的绿色金融产品预测与风险分析 - 副本\技术文档\源代码\oil_price_prediction_main_0309.py", line 1533, in train_model
    history = model.fit(
  File "F:\ProgramData\anaconda3\envs\oilprice\lib\site-packages\keras\src\utils\traceback_utils.py", line 65, in error_handler
    return fn(*args, **kwargs)
  File "F:\ProgramData\anaconda3\envs\oilprice\lib\site-packages\keras\src\engine\training.py", line 1807, in fit
    tmp_logs = self.train_function(iterator)
  File "F:\ProgramData\anaconda3\envs\oilprice\lib\site-packages\tensorflow\python\util\traceback_utils.py", line 150, in error_handler
    return fn(*args, **kwargs)
  File "F:\ProgramData\anaconda3\envs\oilprice\lib\site-packages\tensorflow\python\eager\polymorphic_function\polymorphic_function.py", line 832, in __call__
    result = self._call(*args, **kwds)
  File "F:\ProgramData\anaconda3\envs\oilprice\lib\site-packages\tensorflow\python\eager\polymorphic_function\polymorphic_function.py", line 868, in _call
    return tracing_compilation.call_function(
  File "F:\ProgramData\anaconda3\envs\oilprice\lib\site-packages\tensorflow\python\eager\polymorphic_function\tracing_compilation.py", line 139, in call_function
    return function._call_flat(  # pylint: disable=protected-access
  File "F:\ProgramData\anaconda3\envs\oilprice\lib\site-packages\tensorflow\python\eager\polymorphic_function\concrete_function.py", line 1323, in _call_flat
    return self._inference_function.call_preflattened(args)
  File "F:\ProgramData\anaconda3\envs\oilprice\lib\site-packages\tensorflow\python\eager\polymorphic_function\atomic_function.py", line 216, in call_preflattened
    flat_outputs = self.call_flat(*args)
  File "F:\ProgramData\anaconda3\envs\oilprice\lib\site-packages\tensorflow\python\eager\polymorphic_function\atomic_function.py", line 251, in call_flat
    outputs = self._bound_context.call_function(
  File "F:\ProgramData\anaconda3\envs\oilprice\lib\site-packages\tensorflow\python\eager\context.py", line 1486, in call_function
    outputs = execute.execute(
  File "F:\ProgramData\anaconda3\envs\oilprice\lib\site-packages\tensorflow\python\eager\execute.py", line 53, in quick_execute
    tensors = pywrap_tfe.TFE_Py_Execute(ctx._handle, device_name, op_name,
KeyboardInterrupt
