[backend] started_at=2026-04-18T21:09:33.013656 pid=63808
2026-04-18 21:09:34.896057: I tensorflow/core/util/port.cc:113] oneDNN custom operations are on. You may see slightly different numerical results due to floating-point round-off errors from different computation orders. To turn them off, set the environment variable `TF_ENABLE_ONEDNN_OPTS=0`.
WARNING:tensorflow:From F:\ProgramData\anaconda3\envs\oilprice\lib\site-packages\keras\src\losses.py:2976: The name tf.losses.sparse_softmax_cross_entropy is deprecated. Please use tf.compat.v1.losses.sparse_softmax_cross_entropy instead.

开始油价预测特征工程...
输入数据形状: (5113, 12)
添加油价自身特征...
添加金融市场特征...
添加基本面特征...
添加技术指标特征...
添加波动率特征...
添加市场结构特征...
添加季节性特征...
添加市场情绪特征...
添加地缘大事件影响特征...
添加衍生关系特征...
确保特征因果性...
对 8 个未滞后特征应用 shift(1): ['VIX_Level', 'OVX_Level', 'Basis', 'Market_Structure', 'Oil_Search_Trend']...
特征工程完成，特征总数: 162

特征分类统计:
  价格特征: 38个特征
  收益率特征: 6个特征
  技术指标: 32个特征
  波动率特征: 19个特征
  金融市场: 25个特征
  基本面: 20个特征
  市场结构: 6个特征
  季节性: 12个特征
  情绪特征: 11个特征
  衍生关系: 15个特征

原始数据形状: (5113, 12)
特征工程后数据形状: (5113, 162)
新增特征数量: 150

前5行数据（部分列）:
            WTI_Futures  WTI_Futures_Return  ...  Volatility_20d  Month
Date                                         ...                       
2010-01-01    70.496714                 NaN  ...             NaN      1
2010-01-02    70.358450           -0.001963  ...             NaN      1
2010-01-03    71.006138            0.009163  ...             NaN      1
2010-01-04    72.529168            0.021222  ...             NaN      1
2010-01-05    72.295015           -0.003234  ...             NaN      1

[5 rows x 7 columns]
================================================================================
多变量油价预测系统（按时间序列最佳实践）
================================================================================
============================================================
开始加载所有数据...
============================================================
加载WTI价格数据...
加载金融数据...
加载供给侧数据...
  已加载活跃钻井机数量 (Rigs)
  已加载地缘大事件 (GeoEvent)，事件日数: 20
数据形状: (2841, 13)
开始油价预测特征工程...
输入数据形状: (2841, 13)
添加油价自身特征...
添加金融市场特征...
添加基本面特征...
添加技术指标特征...
添加波动率特征...
添加市场结构特征...
添加季节性特征...
添加市场情绪特征...
添加地缘大事件影响特征...
添加衍生关系特征...
确保特征因果性...
对 4 个未滞后特征应用 shift(1): ['VIX_Level', 'OVX_Level', 'Basis', 'Market_Structure']...
特征工程完成，特征总数: 165
按日期切分: Train_end=2020-12-31, Val_end=2022-12-31

数据切分: Train=1541, Val=516, Test=784

=== Step 3: 随机森林特征选择 Top-5 ===
  选中特征数: 5
  Top 特征:
     1. WTI_Futures
     2. US10Y
     3. WTI_Futures_Lag1
     4. Stocks_MA_20
     5. BB_Lower_20

数据清洗后: Train=932, Val=275, Test=431

已保存所有特征总表到 C:\Users\12725\Desktop\大宗绿测_基于油价因子的绿色金融产品预测与风险分析 - 副本\技术文档\源代码\web_runs\run_20260418_210932_top5\all_features_data.csv，行数=1638，列数=8

最终特征数: 5

已保存模型输入总表到 C:\Users\12725\Desktop\大宗绿测_基于油价因子的绿色金融产品预测与风险分析 - 副本\技术文档\源代码\web_runs\run_20260418_210932_top5\model_input_data.csv，行数=1638，列数=8

训练GRU...
WARNING:tensorflow:From F:\ProgramData\anaconda3\envs\oilprice\lib\site-packages\keras\src\backend.py:873: The name tf.get_default_graph is deprecated. Please use tf.compat.v1.get_default_graph instead.

2026-04-18 21:10:33.891569: I tensorflow/core/platform/cpu_feature_guard.cc:182] This TensorFlow binary is optimized to use available CPU instructions in performance-critical operations.
To enable the following instructions: SSE SSE2 SSE3 SSE4.1 SSE4.2 AVX2 AVX_VNNI FMA, in other operations, rebuild TensorFlow with the appropriate compiler flags.
Epoch 1/5
WARNING:tensorflow:From F:\ProgramData\anaconda3\envs\oilprice\lib\site-packages\keras\src\utils\tf_utils.py:492: The name tf.ragged.RaggedTensorValue is deprecated. Please use tf.compat.v1.ragged.RaggedTensorValue instead.

WARNING:tensorflow:From F:\ProgramData\anaconda3\envs\oilprice\lib\site-packages\keras\src\engine\base_layer_utils.py:384: The name tf.executing_eagerly_outside_functions is deprecated. Please use tf.compat.v1.executing_eagerly_outside_functions instead.


 1/29 [>.............................] - ETA: 2:36 - loss: 0.4905 - mae: 0.9901
 2/29 [=>............................] - ETA: 2s - loss: 0.3019 - mae: 0.7265  
 3/29 [==>...........................] - ETA: 2s - loss: 0.2791 - mae: 0.7022
 4/29 [===>..........................] - ETA: 2s - loss: 0.2131 - mae: 0.5631
 5/29 [====>.........................] - ETA: 2s - loss: 0.1736 - mae: 0.4815
 6/29 [=====>........................] - ETA: 2s - loss: 0.1497 - mae: 0.4403
 7/29 [======>.......................] - ETA: 2s - loss: 0.1332 - mae: 0.4135
 8/29 [=======>......................] - ETA: 2s - loss: 0.1177 - mae: 0.3757
 9/29 [========>.....................] - ETA: 2s - loss: 0.1056 - mae: 0.3463
10/29 [=========>....................] - ETA: 2s - loss: 0.0970 - mae: 0.3298
11/29 [==========>...................] - ETA: 2s - loss: 0.0898 - mae: 0.3148
12/29 [===========>..................] - ETA: 1s - loss: 0.0827 - mae: 0.2948
13/29 [============>.................] - ETA: 1s - loss: 0.0771 - mae: 0.2813
14/29 [=============>................] - ETA: 1s - loss: 0.0736 - mae: 0.2777
15/29 [==============>...............] - ETA: 1s - loss: 0.0717 - mae: 0.2788
16/29 [===============>..............] - ETA: 1s - loss: 0.0686 - mae: 0.2738
17/29 [================>.............] - ETA: 1s - loss: 0.0650 - mae: 0.2632
18/29 [=================>............] - ETA: 1s - loss: 0.0618 - mae: 0.2542
19/29 [==================>...........] - ETA: 1s - loss: 0.0604 - mae: 0.2532
20/29 [===================>..........] - ETA: 1s - loss: 0.0582 - mae: 0.2489
21/29 [====================>.........] - ETA: 0s - loss: 0.0559 - mae: 0.2423
22/29 [=====================>........] - ETA: 0s - loss: 0.0535 - mae: 0.2338
23/29 [======================>.......] - ETA: 0s - loss: 0.0516 - mae: 0.2294
24/29 [=======================>......] - ETA: 0s - loss: 0.0501 - mae: 0.2262
25/29 [========================>.....] - ETA: 0s - loss: 0.0483 - mae: 0.2209
26/29 [=========================>....] - ETA: 0s - loss: 0.0466 - mae: 0.2159
27/29 [==========================>...] - ETA: 0s - loss: 0.0449 - mae: 0.2099
28/29 [===========================>..] - ETA: 0s - loss: 0.0434 - mae: 0.2040
29/29 [==============================] - ETA: 0s - loss: 0.0431 - mae: 0.2027
29/29 [==============================] - 10s 156ms/step - loss: 0.0431 - mae: 0.2027 - val_loss: 0.0019 - val_mae: 0.0544 - lr: 0.0030
Epoch 2/5

 1/29 [>.............................] - ETA: 3s - loss: 0.1695 - mae: 0.5787
 2/29 [=>............................] - ETA: 3s - loss: 0.1187 - mae: 0.4626
 3/29 [==>...........................] - ETA: 2s - loss: 0.0809 - mae: 0.3385
 4/29 [===>..........................] - ETA: 2s - loss: 0.0695 - mae: 0.3170
 5/29 [====>.........................] - ETA: 2s - loss: 0.0637 - mae: 0.3058
 6/29 [=====>........................] - ETA: 2s - loss: 0.0562 - mae: 0.2858
 7/29 [======>.......................] - ETA: 2s - loss: 0.0487 - mae: 0.2550
 8/29 [=======>......................] - ETA: 2s - loss: 0.0429 - mae: 0.2295
 9/29 [========>.....................] - ETA: 2s - loss: 0.0386 - mae: 0.2131
10/29 [=========>....................] - ETA: 2s - loss: 0.0363 - mae: 0.2088
11/29 [==========>...................] - ETA: 1s - loss: 0.0351 - mae: 0.2092
12/29 [===========>..................] - ETA: 1s - loss: 0.0331 - mae: 0.2032
13/29 [============>.................] - ETA: 1s - loss: 0.0308 - mae: 0.1918
14/29 [=============>................] - ETA: 1s - loss: 0.0288 - mae: 0.1821
15/29 [==============>...............] - ETA: 1s - loss: 0.0269 - mae: 0.1729
16/29 [===============>..............] - ETA: 1s - loss: 0.0258 - mae: 0.1690
17/29 [================>.............] - ETA: 1s - loss: 0.0247 - mae: 0.1654
18/29 [=================>............] - ETA: 1s - loss: 0.0239 - mae: 0.1617
19/29 [==================>...........] - ETA: 1s - loss: 0.0228 - mae: 0.1567
20/29 [===================>..........] - ETA: 0s - loss: 0.0218 - mae: 0.1522
21/29 [====================>.........] - ETA: 0s - loss: 0.0210 - mae: 0.1486
22/29 [=====================>........] - ETA: 0s - loss: 0.0202 - mae: 0.1447
23/29 [======================>.......] - ETA: 0s - loss: 0.0195 - mae: 0.1414
24/29 [=======================>......] - ETA: 0s - loss: 0.0193 - mae: 0.1412
25/29 [========================>.....] - ETA: 0s - loss: 0.0193 - mae: 0.1434
26/29 [=========================>....] - ETA: 0s - loss: 0.0196 - mae: 0.1467
27/29 [==========================>...] - ETA: 0s - loss: 0.0196 - mae: 0.1485
28/29 [===========================>..] - ETA: 0s - loss: 0.0193 - mae: 0.1485
29/29 [==============================] - ETA: 0s - loss: 0.0192 - mae: 0.1480
29/29 [==============================] - 3s 117ms/step - loss: 0.0192 - mae: 0.1480 - val_loss: 9.6621e-04 - val_mae: 0.0335 - lr: 0.0030
Epoch 3/5

 1/29 [>.............................] - ETA: 2s - loss: 0.1428 - mae: 0.5266
 2/29 [=>............................] - ETA: 2s - loss: 0.0988 - mae: 0.4150
 3/29 [==>...........................] - ETA: 2s - loss: 0.0671 - mae: 0.2984
 4/29 [===>..........................] - ETA: 2s - loss: 0.0587 - mae: 0.2835
 5/29 [====>.........................] - ETA: 2s - loss: 0.0506 - mae: 0.2591
 6/29 [=====>........................] - ETA: 2s - loss: 0.0426 - mae: 0.2263
 7/29 [======>.......................] - ETA: 2s - loss: 0.0368 - mae: 0.2015
 8/29 [=======>......................] - ETA: 2s - loss: 0.0325 - mae: 0.1831
 9/29 [========>.....................] - ETA: 2s - loss: 0.0294 - mae: 0.1708
10/29 [=========>....................] - ETA: 2s - loss: 0.0273 - mae: 0.1654
11/29 [==========>...................] - ETA: 2s - loss: 0.0266 - mae: 0.1680
12/29 [===========>..................] - ETA: 1s - loss: 0.0249 - mae: 0.1623
13/29 [============>.................] - ETA: 1s - loss: 0.0235 - mae: 0.1583
14/29 [=============>................] - ETA: 1s - loss: 0.0233 - mae: 0.1593
15/29 [==============>...............] - ETA: 1s - loss: 0.0237 - mae: 0.1637
16/29 [===============>..............] - ETA: 1s - loss: 0.0228 - mae: 0.1614
17/29 [================>.............] - ETA: 1s - loss: 0.0217 - mae: 0.1561
18/29 [=================>............] - ETA: 1s - loss: 0.0212 - mae: 0.1548
19/29 [==================>...........] - ETA: 1s - loss: 0.0209 - mae: 0.1555
20/29 [===================>..........] - ETA: 1s - loss: 0.0209 - mae: 0.1578
21/29 [====================>.........] - ETA: 0s - loss: 0.0204 - mae: 0.1567
22/29 [=====================>........] - ETA: 0s - loss: 0.0197 - mae: 0.1531
23/29 [======================>.......] - ETA: 0s - loss: 0.0191 - mae: 0.1496
24/29 [=======================>......] - ETA: 0s - loss: 0.0185 - mae: 0.1470
25/29 [========================>.....] - ETA: 0s - loss: 0.0182 - mae: 0.1466
26/29 [=========================>....] - ETA: 0s - loss: 0.0178 - mae: 0.1456
27/29 [==========================>...] - ETA: 0s - loss: 0.0173 - mae: 0.1427
28/29 [===========================>..] - ETA: 0s - loss: 0.0167 - mae: 0.1395
29/29 [==============================] - ETA: 0s - loss: 0.0166 - mae: 0.1386
29/29 [==============================] - 3s 121ms/step - loss: 0.0166 - mae: 0.1386 - val_loss: 0.0262 - val_mae: 0.2043 - lr: 0.0030
Epoch 4/5

 1/29 [>.............................] - ETA: 2s - loss: 0.0118 - mae: 0.1269
 2/29 [=>............................] - ETA: 2s - loss: 0.0129 - mae: 0.1318
 3/29 [==>...........................] - ETA: 2s - loss: 0.0107 - mae: 0.1209
 4/29 [===>..........................] - ETA: 2s - loss: 0.0099 - mae: 0.1126
 5/29 [====>.........................] - ETA: 2s - loss: 0.0086 - mae: 0.1042
 6/29 [=====>........................] - ETA: 2s - loss: 0.0088 - mae: 0.1089
 7/29 [======>.......................] - ETA: 2s - loss: 0.0092 - mae: 0.1142
 8/29 [=======>......................] - ETA: 2s - loss: 0.0089 - mae: 0.1125
 9/29 [========>.....................] - ETA: 2s - loss: 0.0084 - mae: 0.1085
10/29 [=========>....................] - ETA: 2s - loss: 0.0078 - mae: 0.1026
11/29 [==========>...................] - ETA: 1s - loss: 0.0073 - mae: 0.0984
12/29 [===========>..................] - ETA: 1s - loss: 0.0070 - mae: 0.0966
13/29 [============>.................] - ETA: 1s - loss: 0.0069 - mae: 0.0961
14/29 [=============>................] - ETA: 1s - loss: 0.0065 - mae: 0.0930
15/29 [==============>...............] - ETA: 1s - loss: 0.0064 - mae: 0.0916
16/29 [===============>..............] - ETA: 1s - loss: 0.0062 - mae: 0.0895
17/29 [================>.............] - ETA: 1s - loss: 0.0060 - mae: 0.0879
18/29 [=================>............] - ETA: 1s - loss: 0.0060 - mae: 0.0866
19/29 [==================>...........] - ETA: 1s - loss: 0.0059 - mae: 0.0855
20/29 [===================>..........] - ETA: 0s - loss: 0.0056 - mae: 0.0833
21/29 [====================>.........] - ETA: 0s - loss: 0.0055 - mae: 0.0820
22/29 [=====================>........] - ETA: 0s - loss: 0.0053 - mae: 0.0806
23/29 [======================>.......] - ETA: 0s - loss: 0.0052 - mae: 0.0792
24/29 [=======================>......] - ETA: 0s - loss: 0.0052 - mae: 0.0793
25/29 [========================>.....] - ETA: 0s - loss: 0.0053 - mae: 0.0809
26/29 [=========================>....] - ETA: 0s - loss: 0.0053 - mae: 0.0816
27/29 [==========================>...] - ETA: 0s - loss: 0.0052 - mae: 0.0814
28/29 [===========================>..] - ETA: 0s - loss: 0.0051 - mae: 0.0792
29/29 [==============================] - ETA: 0s - loss: 0.0050 - mae: 0.0790
29/29 [==============================] - 3s 115ms/step - loss: 0.0050 - mae: 0.0790 - val_loss: 0.0020 - val_mae: 0.0452 - lr: 0.0030
Epoch 5/5

 1/29 [>.............................] - ETA: 3s - loss: 0.0498 - mae: 0.2956
 2/29 [=>............................] - ETA: 2s - loss: 0.0359 - mae: 0.2343
 3/29 [==>...........................] - ETA: 2s - loss: 0.0250 - mae: 0.1777
 4/29 [===>..........................] - ETA: 2s - loss: 0.0214 - mae: 0.1667
 5/29 [====>.........................] - ETA: 2s - loss: 0.0188 - mae: 0.1549
 6/29 [=====>........................] - ETA: 2s - loss: 0.0164 - mae: 0.1436
 7/29 [======>.......................] - ETA: 2s - loss: 0.0146 - mae: 0.1343
 8/29 [=======>......................] - ETA: 2s - loss: 0.0130 - mae: 0.1235
 9/29 [========>.....................] - ETA: 2s - loss: 0.0118 - mae: 0.1146
10/29 [=========>....................] - ETA: 2s - loss: 0.0108 - mae: 0.1080
11/29 [==========>...................] - ETA: 2s - loss: 0.0105 - mae: 0.1095
12/29 [===========>..................] - ETA: 1s - loss: 0.0102 - mae: 0.1087
13/29 [============>.................] - ETA: 1s - loss: 0.0095 - mae: 0.1036
14/29 [=============>................] - ETA: 1s - loss: 0.0093 - mae: 0.1033
15/29 [==============>...............] - ETA: 1s - loss: 0.0094 - mae: 0.1051
16/29 [===============>..............] - ETA: 1s - loss: 0.0095 - mae: 0.1067
17/29 [================>.............] - ETA: 1s - loss: 0.0092 - mae: 0.1048
18/29 [=================>............] - ETA: 1s - loss: 0.0089 - mae: 0.1031
19/29 [==================>...........] - ETA: 1s - loss: 0.0087 - mae: 0.1021
20/29 [===================>..........] - ETA: 1s - loss: 0.0088 - mae: 0.1036
21/29 [====================>.........] - ETA: 0s - loss: 0.0087 - mae: 0.1042
22/29 [=====================>........] - ETA: 0s - loss: 0.0086 - mae: 0.1042
23/29 [======================>.......] - ETA: 0s - loss: 0.0085 - mae: 0.1035
24/29 [=======================>......] - ETA: 0s - loss: 0.0083 - mae: 0.1021
25/29 [========================>.....] - ETA: 0s - loss: 0.0082 - mae: 0.1013
26/29 [=========================>....] - ETA: 0s - loss: 0.0080 - mae: 0.1004
27/29 [==========================>...] - ETA: 0s - loss: 0.0077 - mae: 0.0981
28/29 [===========================>..] - ETA: 0s - loss: 0.0075 - mae: 0.0958
29/29 [==============================] - ETA: 0s - loss: 0.0074 - mae: 0.0953
29/29 [==============================] - 3s 119ms/step - loss: 0.0074 - mae: 0.0953 - val_loss: 0.0119 - val_mae: 0.1418 - lr: 0.0030

 1/13 [=>............................] - ETA: 11s
 3/13 [=====>........................] - ETA: 0s 
 5/13 [==========>...................] - ETA: 0s
 7/13 [===============>..............] - ETA: 0s
 9/13 [===================>..........] - ETA: 0s
11/13 [========================>.....] - ETA: 0s
13/13 [==============================] - ETA: 0s
13/13 [==============================] - 1s 27ms/step

GRU 评估 (价格):
  MAE: 36.5441
  RMSE: 36.6473
  MAPE: 50.78%
  R2: -57.6070

方向预测准确率: 0.5039

Baseline(随机游走 P_t) R2: 0.8941
  [未达标] 模型 R2=-57.6070 < 0.8，建议：增大 RF Top-N、增加训练 epoch 或检查数据
✅ oil_pred.csv 已生成

已保存对齐后的预测结果到 C:\Users\12725\Desktop\大宗绿测_基于油价因子的绿色金融产品预测与风险分析 - 副本\技术文档\源代码\web_runs\run_20260418_210932_top5\prediction_results.csv，样本数=401

每日预测 vs 真实值（最后 15 行）：
      Date    Actual       Pred     Error  AbsError
2025-11-12 69.790001 107.430153 37.640152 37.640152
2025-11-13 69.849998 107.439117 37.589119 37.589119
2025-11-14 71.379997 107.123825 35.743828 35.743828
2025-11-17 71.300003 106.979263 35.679260 35.679260
2025-11-18 72.500000 107.154984 34.654984 34.654984
2025-11-19 70.879997 107.527092 36.647095 36.647095
2025-11-20 70.150002 107.867203 37.717201 37.717201
2025-11-21 69.300003 107.801315 38.501312 38.501312
2025-11-24 70.419998 107.335968 36.915970 36.915970
2025-11-25 69.250000 106.863419 37.613419 37.613419
2025-11-26 70.040001 106.554108 36.514107 36.514107
2025-11-27 70.040001 106.357025 36.317024 36.317024
2025-12-29 69.610001 106.291328 36.681328 36.681328
2025-12-30 69.739998 106.192329 36.452332 36.452332
2025-12-31 69.739998 106.146866 36.406868 36.406868

已保存每日汇总表到 C:\Users\12725\Desktop\大宗绿测_基于油价因子的绿色金融产品预测与风险分析 - 副本\技术文档\源代码\web_runs\run_20260418_210932_top5\daily_predictions_vs_actual.csv

=== 附加分析：驱动因子 / 风险信号 / 回测 / 报告 ===
已保存驱动因子分析表到 C:\Users\12725\Desktop\大宗绿测_基于油价因子的绿色金融产品预测与风险分析 - 副本\技术文档\源代码\web_runs\run_20260418_210932_top5\driver_factor_analysis.csv
已保存风险与信号分类表到 C:\Users\12725\Desktop\大宗绿测_基于油价因子的绿色金融产品预测与风险分析 - 副本\技术文档\源代码\web_runs\run_20260418_210932_top5\risk_signal_classification.csv
回测完成：Strategy 总收益=-1.87%，最大回撤=-24.31%，胜率=48.63%
已保存报告到 C:\Users\12725\Desktop\大宗绿测_基于油价因子的绿色金融产品预测与风险分析 - 副本\技术文档\源代码\web_runs\run_20260418_210932_top5\bank_team_report.md

完成！

=== 实盘预测：递推预测未来 5 天 ===
开始油价预测特征工程...
输入数据形状: (2842, 13)
添加油价自身特征...
添加金融市场特征...
添加基本面特征...
添加技术指标特征...
添加波动率特征...
添加市场结构特征...
添加季节性特征...
添加市场情绪特征...
添加地缘大事件影响特征...
添加衍生关系特征...
确保特征因果性...
对 4 个未滞后特征应用 shift(1): ['VIX_Level', 'OVX_Level', 'Basis', 'Market_Structure']...
特征工程完成，特征总数: 165

1/1 [==============================] - ETA: 0s
1/1 [==============================] - 0s 34ms/step
开始油价预测特征工程...
输入数据形状: (2843, 13)
添加油价自身特征...
添加金融市场特征...
添加基本面特征...
添加技术指标特征...
添加波动率特征...
添加市场结构特征...
添加季节性特征...
添加市场情绪特征...
添加地缘大事件影响特征...
添加衍生关系特征...
确保特征因果性...
对 4 个未滞后特征应用 shift(1): ['VIX_Level', 'OVX_Level', 'Basis', 'Market_Structure']...
特征工程完成，特征总数: 165

1/1 [==============================] - ETA: 0s
1/1 [==============================] - 0s 32ms/step
开始油价预测特征工程...
输入数据形状: (2844, 13)
添加油价自身特征...
添加金融市场特征...
添加基本面特征...
添加技术指标特征...
添加波动率特征...
添加市场结构特征...
添加季节性特征...
添加市场情绪特征...
添加地缘大事件影响特征...
添加衍生关系特征...
确保特征因果性...
对 4 个未滞后特征应用 shift(1): ['VIX_Level', 'OVX_Level', 'Basis', 'Market_Structure']...
特征工程完成，特征总数: 165

1/1 [==============================] - ETA: 0s
1/1 [==============================] - 0s 30ms/step
开始油价预测特征工程...
输入数据形状: (2845, 13)
添加油价自身特征...
添加金融市场特征...
添加基本面特征...
添加技术指标特征...
添加波动率特征...
添加市场结构特征...
添加季节性特征...
添加市场情绪特征...
添加地缘大事件影响特征...
添加衍生关系特征...
确保特征因果性...
对 4 个未滞后特征应用 shift(1): ['VIX_Level', 'OVX_Level', 'Basis', 'Market_Structure']...
特征工程完成，特征总数: 165

1/1 [==============================] - ETA: 0s
1/1 [==============================] - 0s 34ms/step
开始油价预测特征工程...
输入数据形状: (2846, 13)
添加油价自身特征...
添加金融市场特征...
添加基本面特征...
添加技术指标特征...
添加波动率特征...
添加市场结构特征...
添加季节性特征...
添加市场情绪特征...
添加地缘大事件影响特征...
添加衍生关系特征...
确保特征因果性...
对 4 个未滞后特征应用 shift(1): ['VIX_Level', 'OVX_Level', 'Basis', 'Market_Structure']...
特征工程完成，特征总数: 165

1/1 [==============================] - ETA: 0s
1/1 [==============================] - 0s 31ms/step
已保存未来预测到 C:\Users\12725\Desktop\大宗绿测_基于油价因子的绿色金融产品预测与风险分析 - 副本\技术文档\源代码\web_runs\run_20260418_210932_top5\future_forecast.csv，行数=5
