[backend] started_at=2026-04-28T13:25:18.705268 pid=27780
[输出目录] C:\Users\12725\Desktop\大宗绿测_基于油价因子的绿色金融产品预测与风险分析 - 副本\技术文档\源代码\web_runs\run_20260428_132518_top5
  已加载地缘事件：事件日=20, 净冲击和=9.000
已按 main_0309 风格加载多源数据: C:\Users\12725\Desktop\大宗绿测_基于油价因子的绿色金融产品预测与风险分析 - 副本\技术文档\源代码\OilData
已从 C:\Users\12725\Desktop\大宗绿测_基于油价因子的绿色金融产品预测与风险分析 - 副本\技术文档\源代码\crude-oil-price-prediction-master\optuna_best_params_full.json 载入运行参数，跳过 Optuna 搜索。
最终生效训练参数: epochs=22, batch_size=64, time_steps=15, cell=gru, loss=mse, lr=0.0007551673510828488
特征筛选开关: rf_select_enable=True, shap_refine_enable=True, shap_top_n=4
滑动窗口长度 time_steps = 15：每个 x 为过去 15 个点，形状 (15, 1)；单点预测 horizon=1（下一天）。
当前 RNN 单元: GRU，双向
原始收益统计: std=2.44266123e-02
样本行数（有效数值）: 2764
2112
2176
选用的训练截止 length = 2176
VMD IMF 调试统计（用于检查是否删错分量）:
idx	std	energy	zcr	peak_freq_norm
1	0.005709	3.258882e-05	0.0691	0.032923
2	0.004964	2.464293e-05	0.1564	0.073444
3	0.005984	3.580909e-05	0.2660	0.138567
4	0.005481	3.004229e-05	0.3920	0.201158
5	0.005527	3.054746e-05	0.4919	0.246382
6	0.005579	3.112550e-05	0.5983	0.297033
7	0.005102	2.602680e-05	0.7799	0.386397
8	0.005798	3.361927e-05	0.8878	0.443560
VMD 删除规则（drop_mode=freq）: 丢弃 IMF 索引 [8]，保留 [1, 2, 3, 4, 5, 6, 7]
VMD 已启用: K=8, drop_high_freq=1；全局 VMD 已应用到整条收益标签后再做滑窗。
VMD 后收益统计: std=1.55412754e-02
目标: 收益率（simple），压缩: none（固定）
数据集划分：时间序列先后 — 窗终点行下标 i ∈ [15, 2174] 为训练窗；i ∈ [2175, 2762] 为测试窗（再截断到 --max-test 并对齐 batch）。 仅说明划分区间；实际 scaler 是否全量 fit 由 scaler_fit 控制。
Scaler: fit=仅训练段（严格评估，避免泄露）
Scaler 类型: StandardScaler
已加载本文件内置完整特征工程（full）。
RF 拟合目标统计: n=2176, std=0.01654804
