[backend] started_at=2026-04-18T15:54:06.832633 pid=45496
2026-04-18 15:54:09.317844: I tensorflow/core/util/port.cc:113] oneDNN custom operations are on. You may see slightly different numerical results due to floating-point round-off errors from different computation orders. To turn them off, set the environment variable `TF_ENABLE_ONEDNN_OPTS=0`.
WARNING:tensorflow:From F:\ProgramData\anaconda3\envs\oilprice\lib\site-packages\keras\src\losses.py:2976: The name tf.losses.sparse_softmax_cross_entropy is deprecated. Please use tf.compat.v1.losses.sparse_softmax_cross_entropy instead.

开始油价预测特征工程...
输入数据形状: (5113, 12)
添加油价自身特征...
添加金融市场特征...
添加基本面特征...
添加技术指标特征...
添加波动率特征...
添加市场结构特征...
添加季节性特征...
添加市场情绪特征...
添加地缘大事件影响特征...
添加衍生关系特征...
确保特征因果性...
对 8 个未滞后特征应用 shift(1): ['VIX_Level', 'OVX_Level', 'Basis', 'Market_Structure', 'Oil_Search_Trend']...
特征工程完成，特征总数: 162

特征分类统计:
  价格特征: 38个特征
  收益率特征: 6个特征
  技术指标: 32个特征
  波动率特征: 19个特征
  金融市场: 25个特征
  基本面: 20个特征
  市场结构: 6个特征
  季节性: 12个特征
  情绪特征: 11个特征
  衍生关系: 15个特征

原始数据形状: (5113, 12)
特征工程后数据形状: (5113, 162)
新增特征数量: 150

前5行数据（部分列）:
            WTI_Futures  WTI_Futures_Return  ...  Volatility_20d  Month
Date                                         ...                       
2010-01-01    70.496714                 NaN  ...             NaN      1
2010-01-02    70.358450           -0.001963  ...             NaN      1
2010-01-03    71.006138            0.009163  ...             NaN      1
2010-01-04    72.529168            0.021222  ...             NaN      1
2010-01-05    72.295015           -0.003234  ...             NaN      1

[5 rows x 7 columns]
================================================================================
多变量油价预测系统（按时间序列最佳实践）
================================================================================
============================================================
开始加载所有数据...
============================================================
加载WTI价格数据...
加载金融数据...
加载供给侧数据...
  已加载活跃钻井机数量 (Rigs)
  已加载地缘大事件 (GeoEvent)，事件日数: 20
数据形状: (2841, 13)
开始油价预测特征工程...
输入数据形状: (2841, 13)
添加油价自身特征...
添加金融市场特征...
添加基本面特征...
添加技术指标特征...
添加波动率特征...
添加市场结构特征...
添加季节性特征...
添加市场情绪特征...
添加地缘大事件影响特征...
添加衍生关系特征...
确保特征因果性...
对 4 个未滞后特征应用 shift(1): ['VIX_Level', 'OVX_Level', 'Basis', 'Market_Structure']...
特征工程完成，特征总数: 165
按日期切分: Train_end=2020-12-31, Val_end=2022-12-31

数据切分: Train=1541, Val=516, Test=784

=== Step 3: 随机森林特征选择 Top-10 ===
  选中特征数: 10
  Top 特征:
     1. WTI_Futures
     2. US10Y
     3. WTI_Futures_Lag1
     4. Stocks_MA_20
     5. BB_Lower_20
     6. Inventory_Price_Ratio
     7. BB_Upper_20
     8. Basis
     9. WTI_Futures_Lag2
    10. WTI_Futures_MA_10

数据清洗后: Train=930, Val=275, Test=425

已保存所有特征总表到 C:\Users\12725\Desktop\大宗绿测_基于油价因子的绿色金融产品预测与风险分析 - 副本\技术文档\源代码\web_runs\run_20260418_155406_top10\all_features_data.csv，行数=1630，列数=13

最终特征数: 10

已保存模型输入总表到 C:\Users\12725\Desktop\大宗绿测_基于油价因子的绿色金融产品预测与风险分析 - 副本\技术文档\源代码\web_runs\run_20260418_155406_top10\model_input_data.csv，行数=1630，列数=13

训练GRU...
WARNING:tensorflow:From F:\ProgramData\anaconda3\envs\oilprice\lib\site-packages\keras\src\backend.py:873: The name tf.get_default_graph is deprecated. Please use tf.compat.v1.get_default_graph instead.

2026-04-18 15:55:10.631856: I tensorflow/core/platform/cpu_feature_guard.cc:182] This TensorFlow binary is optimized to use available CPU instructions in performance-critical operations.
To enable the following instructions: SSE SSE2 SSE3 SSE4.1 SSE4.2 AVX2 AVX_VNNI FMA, in other operations, rebuild TensorFlow with the appropriate compiler flags.
Epoch 1/10
WARNING:tensorflow:From F:\ProgramData\anaconda3\envs\oilprice\lib\site-packages\keras\src\utils\tf_utils.py:492: The name tf.ragged.RaggedTensorValue is deprecated. Please use tf.compat.v1.ragged.RaggedTensorValue instead.

WARNING:tensorflow:From F:\ProgramData\anaconda3\envs\oilprice\lib\site-packages\keras\src\engine\base_layer_utils.py:384: The name tf.executing_eagerly_outside_functions is deprecated. Please use tf.compat.v1.executing_eagerly_outside_functions instead.


 1/29 [>.............................] - ETA: 2:37 - loss: 0.4559 - mae: 0.9542
 2/29 [=>............................] - ETA: 2s - loss: 0.2365 - mae: 0.5486  
 3/29 [==>...........................] - ETA: 2s - loss: 0.1814 - mae: 0.4802
 4/29 [===>..........................] - ETA: 2s - loss: 0.2023 - mae: 0.5357
 5/29 [====>.........................] - ETA: 2s - loss: 0.1646 - mae: 0.4558
 6/29 [=====>........................] - ETA: 2s - loss: 0.1399 - mae: 0.4075
 7/29 [======>.......................] - ETA: 2s - loss: 0.1259 - mae: 0.3900
 8/29 [=======>......................] - ETA: 2s - loss: 0.1122 - mae: 0.3618
 9/29 [========>.....................] - ETA: 2s - loss: 0.1001 - mae: 0.3283
10/29 [=========>....................] - ETA: 2s - loss: 0.0907 - mae: 0.3046
11/29 [==========>...................] - ETA: 1s - loss: 0.0840 - mae: 0.2916
12/29 [===========>..................] - ETA: 1s - loss: 0.0778 - mae: 0.2785
13/29 [============>.................] - ETA: 1s - loss: 0.0725 - mae: 0.2642
14/29 [=============>................] - ETA: 1s - loss: 0.0683 - mae: 0.2543
15/29 [==============>...............] - ETA: 1s - loss: 0.0649 - mae: 0.2477
16/29 [===============>..............] - ETA: 1s - loss: 0.0612 - mae: 0.2365
17/29 [================>.............] - ETA: 1s - loss: 0.0581 - mae: 0.2292
18/29 [=================>............] - ETA: 1s - loss: 0.0556 - mae: 0.2241
19/29 [==================>...........] - ETA: 1s - loss: 0.0531 - mae: 0.2189
20/29 [===================>..........] - ETA: 0s - loss: 0.0508 - mae: 0.2120
21/29 [====================>.........] - ETA: 0s - loss: 0.0487 - mae: 0.2061
22/29 [=====================>........] - ETA: 0s - loss: 0.0467 - mae: 0.1997
23/29 [======================>.......] - ETA: 0s - loss: 0.0449 - mae: 0.1942
24/29 [=======================>......] - ETA: 0s - loss: 0.0435 - mae: 0.1908
25/29 [========================>.....] - ETA: 0s - loss: 0.0422 - mae: 0.1890
26/29 [=========================>....] - ETA: 0s - loss: 0.0407 - mae: 0.1853
27/29 [==========================>...] - ETA: 0s - loss: 0.0393 - mae: 0.1800
28/29 [===========================>..] - ETA: 0s - loss: 0.0379 - mae: 0.1746
29/29 [==============================] - ETA: 0s - loss: 0.0377 - mae: 0.1739
29/29 [==============================] - 10s 151ms/step - loss: 0.0377 - mae: 0.1739 - val_loss: 0.0016 - val_mae: 0.0526 - lr: 0.0030
Epoch 2/10

 1/29 [>.............................] - ETA: 2s - loss: 0.0566 - mae: 0.3253
 2/29 [=>............................] - ETA: 2s - loss: 0.0346 - mae: 0.2236
 3/29 [==>...........................] - ETA: 2s - loss: 0.0384 - mae: 0.2401
 4/29 [===>..........................] - ETA: 2s - loss: 0.0421 - mae: 0.2556
 5/29 [====>.........................] - ETA: 2s - loss: 0.0349 - mae: 0.2224
 6/29 [=====>........................] - ETA: 2s - loss: 0.0309 - mae: 0.2066
 7/29 [======>.......................] - ETA: 2s - loss: 0.0302 - mae: 0.2087
 8/29 [=======>......................] - ETA: 2s - loss: 0.0291 - mae: 0.2081
 9/29 [========>.....................] - ETA: 2s - loss: 0.0277 - mae: 0.2041
10/29 [=========>....................] - ETA: 2s - loss: 0.0260 - mae: 0.1971
11/29 [==========>...................] - ETA: 1s - loss: 0.0239 - mae: 0.1841
12/29 [===========>..................] - ETA: 1s - loss: 0.0220 - mae: 0.1727
13/29 [============>.................] - ETA: 1s - loss: 0.0205 - mae: 0.1642
14/29 [=============>................] - ETA: 1s - loss: 0.0194 - mae: 0.1575
15/29 [==============>...............] - ETA: 1s - loss: 0.0182 - mae: 0.1510
16/29 [===============>..............] - ETA: 1s - loss: 0.0174 - mae: 0.1452
17/29 [================>.............] - ETA: 1s - loss: 0.0169 - mae: 0.1421
18/29 [=================>............] - ETA: 1s - loss: 0.0162 - mae: 0.1381
19/29 [==================>...........] - ETA: 1s - loss: 0.0158 - mae: 0.1374
20/29 [===================>..........] - ETA: 0s - loss: 0.0153 - mae: 0.1346
21/29 [====================>.........] - ETA: 0s - loss: 0.0149 - mae: 0.1332
22/29 [=====================>........] - ETA: 0s - loss: 0.0144 - mae: 0.1306
23/29 [======================>.......] - ETA: 0s - loss: 0.0139 - mae: 0.1270
24/29 [=======================>......] - ETA: 0s - loss: 0.0136 - mae: 0.1260
25/29 [========================>.....] - ETA: 0s - loss: 0.0136 - mae: 0.1269
26/29 [=========================>....] - ETA: 0s - loss: 0.0135 - mae: 0.1279
27/29 [==========================>...] - ETA: 0s - loss: 0.0132 - mae: 0.1269
28/29 [===========================>..] - ETA: 0s - loss: 0.0127 - mae: 0.1230
29/29 [==============================] - 3s 112ms/step - loss: 0.0127 - mae: 0.1226 - val_loss: 0.0134 - val_mae: 0.1505 - lr: 0.0030
Epoch 3/10

 1/29 [>.............................] - ETA: 2s - loss: 0.1380 - mae: 0.5192
 2/29 [=>............................] - ETA: 2s - loss: 0.0978 - mae: 0.4153
 3/29 [==>...........................] - ETA: 2s - loss: 0.0664 - mae: 0.3007
 4/29 [===>..........................] - ETA: 2s - loss: 0.0579 - mae: 0.2839
 5/29 [====>.........................] - ETA: 2s - loss: 0.0531 - mae: 0.2757
 6/29 [=====>........................] - ETA: 2s - loss: 0.0474 - mae: 0.2608
 7/29 [======>.......................] - ETA: 2s - loss: 0.0412 - mae: 0.2331
 8/29 [=======>......................] - ETA: 2s - loss: 0.0367 - mae: 0.2159
 9/29 [========>.....................] - ETA: 2s - loss: 0.0343 - mae: 0.2098
10/29 [=========>....................] - ETA: 2s - loss: 0.0327 - mae: 0.2076
11/29 [==========>...................] - ETA: 2s - loss: 0.0304 - mae: 0.1985
12/29 [===========>..................] - ETA: 1s - loss: 0.0279 - mae: 0.1849
13/29 [============>.................] - ETA: 1s - loss: 0.0260 - mae: 0.1758
14/29 [=============>................] - ETA: 1s - loss: 0.0246 - mae: 0.1703
15/29 [==============>...............] - ETA: 1s - loss: 0.0233 - mae: 0.1649
16/29 [===============>..............] - ETA: 1s - loss: 0.0221 - mae: 0.1587
17/29 [================>.............] - ETA: 1s - loss: 0.0211 - mae: 0.1541
18/29 [=================>............] - ETA: 1s - loss: 0.0204 - mae: 0.1515
19/29 [==================>...........] - ETA: 1s - loss: 0.0195 - mae: 0.1472
20/29 [===================>..........] - ETA: 1s - loss: 0.0187 - mae: 0.1431
21/29 [====================>.........] - ETA: 0s - loss: 0.0180 - mae: 0.1405
22/29 [=====================>........] - ETA: 0s - loss: 0.0174 - mae: 0.1376
23/29 [======================>.......] - ETA: 0s - loss: 0.0168 - mae: 0.1345
24/29 [=======================>......] - ETA: 0s - loss: 0.0163 - mae: 0.1319
25/29 [========================>.....] - ETA: 0s - loss: 0.0161 - mae: 0.1317
26/29 [=========================>....] - ETA: 0s - loss: 0.0156 - mae: 0.1287
27/29 [==========================>...] - ETA: 0s - loss: 0.0151 - mae: 0.1263
28/29 [===========================>..] - ETA: 0s - loss: 0.0149 - mae: 0.1260
29/29 [==============================] - 3s 117ms/step - loss: 0.0148 - mae: 0.1258 - val_loss: 0.0070 - val_mae: 0.1131 - lr: 0.0030
Epoch 4/10

 1/29 [>.............................] - ETA: 3s - loss: 0.0457 - mae: 0.2944
 2/29 [=>............................] - ETA: 3s - loss: 0.0333 - mae: 0.2309
 3/29 [==>...........................] - ETA: 3s - loss: 0.0264 - mae: 0.2005
 4/29 [===>..........................] - ETA: 3s - loss: 0.0300 - mae: 0.2154
 5/29 [====>.........................] - ETA: 2s - loss: 0.0281 - mae: 0.2080
 6/29 [=====>........................] - ETA: 2s - loss: 0.0251 - mae: 0.1943
 7/29 [======>.......................] - ETA: 2s - loss: 0.0218 - mae: 0.1747
 8/29 [=======>......................] - ETA: 2s - loss: 0.0193 - mae: 0.1589
 9/29 [========>.....................] - ETA: 2s - loss: 0.0182 - mae: 0.1546
10/29 [=========>....................] - ETA: 2s - loss: 0.0177 - mae: 0.1552
11/29 [==========>...................] - ETA: 2s - loss: 0.0171 - mae: 0.1537
12/29 [===========>..................] - ETA: 1s - loss: 0.0165 - mae: 0.1522
13/29 [============>.................] - ETA: 1s - loss: 0.0157 - mae: 0.1487
14/29 [=============>................] - ETA: 1s - loss: 0.0152 - mae: 0.1469
15/29 [==============>...............] - ETA: 1s - loss: 0.0146 - mae: 0.1436
16/29 [===============>..............] - ETA: 1s - loss: 0.0140 - mae: 0.1397
17/29 [================>.............] - ETA: 1s - loss: 0.0134 - mae: 0.1357
18/29 [=================>............] - ETA: 1s - loss: 0.0131 - mae: 0.1345
19/29 [==================>...........] - ETA: 1s - loss: 0.0132 - mae: 0.1353
20/29 [===================>..........] - ETA: 0s - loss: 0.0129 - mae: 0.1344
21/29 [====================>.........] - ETA: 0s - loss: 0.0127 - mae: 0.1336
22/29 [=====================>........] - ETA: 0s - loss: 0.0122 - mae: 0.1298
23/29 [======================>.......] - ETA: 0s - loss: 0.0118 - mae: 0.1267
24/29 [=======================>......] - ETA: 0s - loss: 0.0116 - mae: 0.1252
25/29 [========================>.....] - ETA: 0s - loss: 0.0117 - mae: 0.1267
26/29 [=========================>....] - ETA: 0s - loss: 0.0118 - mae: 0.1278
27/29 [==========================>...] - ETA: 0s - loss: 0.0115 - mae: 0.1267
28/29 [===========================>..] - ETA: 0s - loss: 0.0111 - mae: 0.1231
29/29 [==============================] - 3s 111ms/step - loss: 0.0111 - mae: 0.1227 - val_loss: 0.0101 - val_mae: 0.1273 - lr: 0.0030
Epoch 5/10

 1/29 [>.............................] - ETA: 2s - loss: 0.1056 - mae: 0.4527
 2/29 [=>............................] - ETA: 2s - loss: 0.0900 - mae: 0.4116
 3/29 [==>...........................] - ETA: 2s - loss: 0.0631 - mae: 0.3129
 4/29 [===>..........................] - ETA: 2s - loss: 0.0487 - mae: 0.2578
 5/29 [====>.........................] - ETA: 2s - loss: 0.0421 - mae: 0.2398
 6/29 [=====>........................] - ETA: 2s - loss: 0.0391 - mae: 0.2348
 7/29 [======>.......................] - ETA: 2s - loss: 0.0371 - mae: 0.2315
 8/29 [=======>......................] - ETA: 2s - loss: 0.0335 - mae: 0.2177
 9/29 [========>.....................] - ETA: 2s - loss: 0.0302 - mae: 0.2018
10/29 [=========>....................] - ETA: 1s - loss: 0.0276 - mae: 0.1871
11/29 [==========>...................] - ETA: 1s - loss: 0.0258 - mae: 0.1808
12/29 [===========>..................] - ETA: 1s - loss: 0.0247 - mae: 0.1784
13/29 [============>.................] - ETA: 1s - loss: 0.0234 - mae: 0.1741
14/29 [=============>................] - ETA: 1s - loss: 0.0226 - mae: 0.1722
15/29 [==============>...............] - ETA: 1s - loss: 0.0218 - mae: 0.1694
16/29 [===============>..............] - ETA: 1s - loss: 0.0208 - mae: 0.1644
17/29 [================>.............] - ETA: 1s - loss: 0.0197 - mae: 0.1582
18/29 [=================>............] - ETA: 1s - loss: 0.0189 - mae: 0.1542
19/29 [==================>...........] - ETA: 1s - loss: 0.0184 - mae: 0.1520
20/29 [===================>..........] - ETA: 0s - loss: 0.0178 - mae: 0.1497
21/29 [====================>.........] - ETA: 0s - loss: 0.0171 - mae: 0.1462
22/29 [=====================>........] - ETA: 0s - loss: 0.0165 - mae: 0.1430
23/29 [======================>.......] - ETA: 0s - loss: 0.0159 - mae: 0.1391
24/29 [=======================>......] - ETA: 0s - loss: 0.0155 - mae: 0.1365
25/29 [========================>.....] - ETA: 0s - loss: 0.0151 - mae: 0.1352
26/29 [=========================>....] - ETA: 0s - loss: 0.0147 - mae: 0.1329
27/29 [==========================>...] - ETA: 0s - loss: 0.0142 - mae: 0.1294
28/29 [===========================>..] - ETA: 0s - loss: 0.0137 - mae: 0.1256
29/29 [==============================] - 3s 107ms/step - loss: 0.0136 - mae: 0.1252 - val_loss: 0.0020 - val_mae: 0.0560 - lr: 0.0030
Epoch 6/10

 1/29 [>.............................] - ETA: 2s - loss: 0.0665 - mae: 0.3481
 2/29 [=>............................] - ETA: 2s - loss: 0.0471 - mae: 0.2822
 3/29 [==>...........................] - ETA: 2s - loss: 0.0338 - mae: 0.2208
 4/29 [===>..........................] - ETA: 2s - loss: 0.0289 - mae: 0.2028
 5/29 [====>.........................] - ETA: 2s - loss: 0.0243 - mae: 0.1809
 6/29 [=====>........................] - ETA: 2s - loss: 0.0212 - mae: 0.1657
 7/29 [======>.......................] - ETA: 2s - loss: 0.0191 - mae: 0.1565
 8/29 [=======>......................] - ETA: 2s - loss: 0.0171 - mae: 0.1447
 9/29 [========>.....................] - ETA: 2s - loss: 0.0154 - mae: 0.1346
10/29 [=========>....................] - ETA: 1s - loss: 0.0141 - mae: 0.1256
11/29 [==========>...................] - ETA: 1s - loss: 0.0133 - mae: 0.1231
12/29 [===========>..................] - ETA: 1s - loss: 0.0128 - mae: 0.1218
13/29 [============>.................] - ETA: 1s - loss: 0.0120 - mae: 0.1179
14/29 [=============>................] - ETA: 1s - loss: 0.0115 - mae: 0.1148
15/29 [==============>...............] - ETA: 1s - loss: 0.0110 - mae: 0.1117
16/29 [===============>..............] - ETA: 1s - loss: 0.0105 - mae: 0.1091
17/29 [================>.............] - ETA: 1s - loss: 0.0102 - mae: 0.1081
18/29 [=================>............] - ETA: 1s - loss: 0.0099 - mae: 0.1066
19/29 [==================>...........] - ETA: 1s - loss: 0.0096 - mae: 0.1048
20/29 [===================>..........] - ETA: 0s - loss: 0.0092 - mae: 0.1025
21/29 [====================>.........] - ETA: 0s - loss: 0.0089 - mae: 0.0999
22/29 [=====================>........] - ETA: 0s - loss: 0.0086 - mae: 0.0975
23/29 [======================>.......] - ETA: 0s - loss: 0.0084 - mae: 0.0957
24/29 [=======================>......] - ETA: 0s - loss: 0.0081 - mae: 0.0938
25/29 [========================>.....] - ETA: 0s - loss: 0.0080 - mae: 0.0932
26/29 [=========================>....] - ETA: 0s - loss: 0.0078 - mae: 0.0929
27/29 [==========================>...] - ETA: 0s - loss: 0.0076 - mae: 0.0917
28/29 [===========================>..] - ETA: 0s - loss: 0.0073 - mae: 0.0891
29/29 [==============================] - 3s 109ms/step - loss: 0.0073 - mae: 0.0888 - val_loss: 8.8816e-04 - val_mae: 0.0373 - lr: 0.0030
Epoch 7/10

 1/29 [>.............................] - ETA: 2s - loss: 0.0110 - mae: 0.1212
 2/29 [=>............................] - ETA: 2s - loss: 0.0090 - mae: 0.1055
 3/29 [==>...........................] - ETA: 2s - loss: 0.0075 - mae: 0.0976
 4/29 [===>..........................] - ETA: 2s - loss: 0.0073 - mae: 0.0983
 5/29 [====>.........................] - ETA: 2s - loss: 0.0063 - mae: 0.0899
 6/29 [=====>........................] - ETA: 2s - loss: 0.0055 - mae: 0.0827
 7/29 [======>.......................] - ETA: 2s - loss: 0.0050 - mae: 0.0788
 8/29 [=======>......................] - ETA: 2s - loss: 0.0046 - mae: 0.0736
 9/29 [========>.....................] - ETA: 2s - loss: 0.0043 - mae: 0.0710
10/29 [=========>....................] - ETA: 1s - loss: 0.0040 - mae: 0.0678
11/29 [==========>...................] - ETA: 1s - loss: 0.0037 - mae: 0.0651
12/29 [===========>..................] - ETA: 1s - loss: 0.0036 - mae: 0.0630
13/29 [============>.................] - ETA: 1s - loss: 0.0034 - mae: 0.0610
14/29 [=============>................] - ETA: 1s - loss: 0.0033 - mae: 0.0598
15/29 [==============>...............] - ETA: 1s - loss: 0.0032 - mae: 0.0591
16/29 [===============>..............] - ETA: 1s - loss: 0.0031 - mae: 0.0582
17/29 [================>.............] - ETA: 1s - loss: 0.0032 - mae: 0.0589
18/29 [=================>............] - ETA: 1s - loss: 0.0032 - mae: 0.0595
19/29 [==================>...........] - ETA: 1s - loss: 0.0032 - mae: 0.0593
20/29 [===================>..........] - ETA: 0s - loss: 0.0031 - mae: 0.0588
21/29 [====================>.........] - ETA: 0s - loss: 0.0031 - mae: 0.0586
22/29 [=====================>........] - ETA: 0s - loss: 0.0030 - mae: 0.0581
23/29 [======================>.......] - ETA: 0s - loss: 0.0030 - mae: 0.0576
24/29 [=======================>......] - ETA: 0s - loss: 0.0029 - mae: 0.0567
25/29 [========================>.....] - ETA: 0s - loss: 0.0032 - mae: 0.0595
26/29 [=========================>....] - ETA: 0s - loss: 0.0033 - mae: 0.0613
27/29 [==========================>...] - ETA: 0s - loss: 0.0032 - mae: 0.0613
28/29 [===========================>..] - ETA: 0s - loss: 0.0032 - mae: 0.0609
29/29 [==============================] - 3s 112ms/step - loss: 0.0032 - mae: 0.0607 - val_loss: 6.9549e-04 - val_mae: 0.0318 - lr: 0.0030
Epoch 8/10

 1/29 [>.............................] - ETA: 2s - loss: 0.0114 - mae: 0.1152
 2/29 [=>............................] - ETA: 2s - loss: 0.0083 - mae: 0.0981
 3/29 [==>...........................] - ETA: 2s - loss: 0.0072 - mae: 0.0948
 4/29 [===>..........................] - ETA: 2s - loss: 0.0071 - mae: 0.0964
 5/29 [====>.........................] - ETA: 2s - loss: 0.0060 - mae: 0.0868
 6/29 [=====>........................] - ETA: 2s - loss: 0.0053 - mae: 0.0792
 7/29 [======>.......................] - ETA: 2s - loss: 0.0050 - mae: 0.0778
 8/29 [=======>......................] - ETA: 2s - loss: 0.0047 - mae: 0.0758
 9/29 [========>.....................] - ETA: 2s - loss: 0.0044 - mae: 0.0731
10/29 [=========>....................] - ETA: 1s - loss: 0.0042 - mae: 0.0704
11/29 [==========>...................] - ETA: 1s - loss: 0.0039 - mae: 0.0676
12/29 [===========>..................] - ETA: 1s - loss: 0.0037 - mae: 0.0650
13/29 [============>.................] - ETA: 1s - loss: 0.0035 - mae: 0.0628
14/29 [=============>................] - ETA: 1s - loss: 0.0033 - mae: 0.0608
15/29 [==============>...............] - ETA: 1s - loss: 0.0032 - mae: 0.0601
16/29 [===============>..............] - ETA: 1s - loss: 0.0033 - mae: 0.0606
17/29 [================>.............] - ETA: 1s - loss: 0.0033 - mae: 0.0606
18/29 [=================>............] - ETA: 1s - loss: 0.0032 - mae: 0.0603
19/29 [==================>...........] - ETA: 1s - loss: 0.0032 - mae: 0.0607
20/29 [===================>..........] - ETA: 0s - loss: 0.0031 - mae: 0.0600
21/29 [====================>.........] - ETA: 0s - loss: 0.0031 - mae: 0.0590
22/29 [=====================>........] - ETA: 0s - loss: 0.0030 - mae: 0.0586
23/29 [======================>.......] - ETA: 0s - loss: 0.0031 - mae: 0.0589
24/29 [=======================>......] - ETA: 0s - loss: 0.0031 - mae: 0.0587
25/29 [========================>.....] - ETA: 0s - loss: 0.0030 - mae: 0.0581
26/29 [=========================>....] - ETA: 0s - loss: 0.0029 - mae: 0.0568
27/29 [==========================>...] - ETA: 0s - loss: 0.0028 - mae: 0.0554
28/29 [===========================>..] - ETA: 0s - loss: 0.0027 - mae: 0.0542
29/29 [==============================] - 3s 109ms/step - loss: 0.0027 - mae: 0.0540 - val_loss: 0.0044 - val_mae: 0.0788 - lr: 0.0030
Epoch 9/10

 1/29 [>.............................] - ETA: 2s - loss: 0.0083 - mae: 0.0908
 2/29 [=>............................] - ETA: 2s - loss: 0.0078 - mae: 0.0896
 3/29 [==>...........................] - ETA: 2s - loss: 0.0066 - mae: 0.0848
 4/29 [===>..........................] - ETA: 2s - loss: 0.0061 - mae: 0.0842
 5/29 [====>.........................] - ETA: 2s - loss: 0.0055 - mae: 0.0804
 6/29 [=====>........................] - ETA: 2s - loss: 0.0048 - mae: 0.0748
 7/29 [======>.......................] - ETA: 2s - loss: 0.0044 - mae: 0.0708
 8/29 [=======>......................] - ETA: 2s - loss: 0.0040 - mae: 0.0670
 9/29 [========>.....................] - ETA: 2s - loss: 0.0037 - mae: 0.0637
10/29 [=========>....................] - ETA: 1s - loss: 0.0036 - mae: 0.0638
11/29 [==========>...................] - ETA: 1s - loss: 0.0035 - mae: 0.0623
12/29 [===========>..................] - ETA: 1s - loss: 0.0034 - mae: 0.0618
13/29 [============>.................] - ETA: 1s - loss: 0.0033 - mae: 0.0610
14/29 [=============>................] - ETA: 1s - loss: 0.0033 - mae: 0.0607
15/29 [==============>...............] - ETA: 1s - loss: 0.0033 - mae: 0.0610
16/29 [===============>..............] - ETA: 1s - loss: 0.0033 - mae: 0.0618
17/29 [================>.............] - ETA: 1s - loss: 0.0034 - mae: 0.0635
18/29 [=================>............] - ETA: 1s - loss: 0.0034 - mae: 0.0639
19/29 [==================>...........] - ETA: 1s - loss: 0.0034 - mae: 0.0633
20/29 [===================>..........] - ETA: 0s - loss: 0.0033 - mae: 0.0620
21/29 [====================>.........] - ETA: 0s - loss: 0.0032 - mae: 0.0612
22/29 [=====================>........] - ETA: 0s - loss: 0.0032 - mae: 0.0606
23/29 [======================>.......] - ETA: 0s - loss: 0.0032 - mae: 0.0608
24/29 [=======================>......] - ETA: 0s - loss: 0.0031 - mae: 0.0604
25/29 [========================>.....] - ETA: 0s - loss: 0.0031 - mae: 0.0608
26/29 [=========================>....] - ETA: 0s - loss: 0.0031 - mae: 0.0606
27/29 [==========================>...] - ETA: 0s - loss: 0.0030 - mae: 0.0597
28/29 [===========================>..] - ETA: 0s - loss: 0.0029 - mae: 0.0582
29/29 [==============================] - 3s 110ms/step - loss: 0.0029 - mae: 0.0581 - val_loss: 0.0070 - val_mae: 0.1027 - lr: 0.0030
Epoch 10/10

 1/29 [>.............................] - ETA: 2s - loss: 0.0076 - mae: 0.0907
 2/29 [=>............................] - ETA: 2s - loss: 0.0067 - mae: 0.0849
 3/29 [==>...........................] - ETA: 2s - loss: 0.0058 - mae: 0.0799
 4/29 [===>..........................] - ETA: 2s - loss: 0.0055 - mae: 0.0807
 5/29 [====>.........................] - ETA: 2s - loss: 0.0048 - mae: 0.0752
 6/29 [=====>........................] - ETA: 2s - loss: 0.0044 - mae: 0.0721
 7/29 [======>.......................] - ETA: 2s - loss: 0.0039 - mae: 0.0671
 8/29 [=======>......................] - ETA: 2s - loss: 0.0035 - mae: 0.0625
 9/29 [========>.....................] - ETA: 1s - loss: 0.0033 - mae: 0.0608
10/29 [=========>....................] - ETA: 1s - loss: 0.0032 - mae: 0.0609
11/29 [==========>...................] - ETA: 1s - loss: 0.0031 - mae: 0.0601
12/29 [===========>..................] - ETA: 1s - loss: 0.0030 - mae: 0.0596
13/29 [============>.................] - ETA: 1s - loss: 0.0030 - mae: 0.0596
14/29 [=============>................] - ETA: 1s - loss: 0.0031 - mae: 0.0603
15/29 [==============>...............] - ETA: 1s - loss: 0.0031 - mae: 0.0604
16/29 [===============>..............] - ETA: 1s - loss: 0.0030 - mae: 0.0598
17/29 [================>.............] - ETA: 1s - loss: 0.0030 - mae: 0.0603
18/29 [=================>............] - ETA: 1s - loss: 0.0031 - mae: 0.0620
19/29 [==================>...........] - ETA: 1s - loss: 0.0032 - mae: 0.0634
20/29 [===================>..........] - ETA: 0s - loss: 0.0033 - mae: 0.0646
21/29 [====================>.........] - ETA: 0s - loss: 0.0033 - mae: 0.0644
22/29 [=====================>........] - ETA: 0s - loss: 0.0032 - mae: 0.0633
23/29 [======================>.......] - ETA: 0s - loss: 0.0033 - mae: 0.0640
24/29 [=======================>......] - ETA: 0s - loss: 0.0033 - mae: 0.0640
25/29 [========================>.....] - ETA: 0s - loss: 0.0032 - mae: 0.0633
26/29 [=========================>....] - ETA: 0s - loss: 0.0031 - mae: 0.0616
27/29 [==========================>...] - ETA: 0s - loss: 0.0030 - mae: 0.0597
28/29 [===========================>..] - ETA: 0s - loss: 0.0029 - mae: 0.0583
29/29 [==============================] - 3s 111ms/step - loss: 0.0029 - mae: 0.0582 - val_loss: 0.0119 - val_mae: 0.1385 - lr: 0.0030

 1/13 [=>............................] - ETA: 11s
 3/13 [=====>........................] - ETA: 0s 
 5/13 [==========>...................] - ETA: 0s
 7/13 [===============>..............] - ETA: 0s
 9/13 [===================>..........] - ETA: 0s
11/13 [========================>.....] - ETA: 0s
13/13 [==============================] - 1s 26ms/step

GRU 评估 (价格):
  MAE: 31.3660
  RMSE: 31.6042
  MAPE: 43.18%
  R2: -42.1229

方向预测准确率: 0.4934

Baseline(随机游走 P_t) R2: 0.8933
  [未达标] 模型 R2=-42.1229 < 0.8，建议：增大 RF Top-N、增加训练 epoch 或检查数据
✅ oil_pred.csv 已生成

已保存对齐后的预测结果到 C:\Users\12725\Desktop\大宗绿测_基于油价因子的绿色金融产品预测与风险分析 - 副本\技术文档\源代码\web_runs\run_20260418_155406_top10\prediction_results.csv，样本数=395

每日预测 vs 真实值（最后 15 行）：
      Date    Actual      Pred      Error  AbsError
2025-11-11 72.720001 40.984539 -31.735462 31.735462
2025-11-13 69.849998 41.183418 -28.666580 28.666580
2025-11-14 71.379997 41.174488 -30.205509 30.205509
2025-11-17 71.300003 40.928955 -30.371048 30.371048
2025-11-18 72.500000 40.862656 -31.637344 31.637344
2025-11-19 70.879997 41.141171 -29.738827 29.738827
2025-11-20 70.150002 41.449379 -28.700623 28.700623
2025-11-21 69.300003 41.448654 -27.851349 27.851349
2025-11-24 70.419998 41.109203 -29.310795 29.310795
2025-11-25 69.250000 40.812958 -28.437042 28.437042
2025-11-26 70.040001 40.808617 -29.231384 29.231384
2025-11-27 70.040001 40.958336 -29.081665 29.081665
2025-12-29 69.610001 41.029194 -28.580807 28.580807
2025-12-30 69.739998 40.897362 -28.842636 28.842636
2025-12-31 69.739998 40.655193 -29.084805 29.084805

已保存每日汇总表到 C:\Users\12725\Desktop\大宗绿测_基于油价因子的绿色金融产品预测与风险分析 - 副本\技术文档\源代码\web_runs\run_20260418_155406_top10\daily_predictions_vs_actual.csv

=== 附加分析：驱动因子 / 风险信号 / 回测 / 报告 ===
已保存驱动因子分析表到 C:\Users\12725\Desktop\大宗绿测_基于油价因子的绿色金融产品预测与风险分析 - 副本\技术文档\源代码\web_runs\run_20260418_155406_top10\driver_factor_analysis.csv
已保存风险与信号分类表到 C:\Users\12725\Desktop\大宗绿测_基于油价因子的绿色金融产品预测与风险分析 - 副本\技术文档\源代码\web_runs\run_20260418_155406_top10\risk_signal_classification.csv
回测完成：Strategy 总收益=1.91%，最大回撤=-26.89%，胜率=47.59%
已保存报告到 C:\Users\12725\Desktop\大宗绿测_基于油价因子的绿色金融产品预测与风险分析 - 副本\技术文档\源代码\web_runs\run_20260418_155406_top10\bank_team_report.md

完成！

=== 实盘预测：递推预测未来 1 天 ===
开始油价预测特征工程...
输入数据形状: (2842, 13)
添加油价自身特征...
添加金融市场特征...
添加基本面特征...
添加技术指标特征...
添加波动率特征...
添加市场结构特征...
添加季节性特征...
添加市场情绪特征...
添加地缘大事件影响特征...
添加衍生关系特征...
确保特征因果性...
对 4 个未滞后特征应用 shift(1): ['VIX_Level', 'OVX_Level', 'Basis', 'Market_Structure']...
特征工程完成，特征总数: 165

1/1 [==============================] - ETA: 0s
1/1 [==============================] - 0s 44ms/step
已保存未来预测到 C:\Users\12725\Desktop\大宗绿测_基于油价因子的绿色金融产品预测与风险分析 - 副本\技术文档\源代码\web_runs\run_20260418_155406_top10\future_forecast.csv，行数=1
