[backend] started_at=2026-04-18T00:39:22.672662 pid=31080
2026-04-18 00:39:24.620370: I tensorflow/core/util/port.cc:113] oneDNN custom operations are on. You may see slightly different numerical results due to floating-point round-off errors from different computation orders. To turn them off, set the environment variable `TF_ENABLE_ONEDNN_OPTS=0`.
WARNING:tensorflow:From F:\ProgramData\anaconda3\envs\oilprice\lib\site-packages\keras\src\losses.py:2976: The name tf.losses.sparse_softmax_cross_entropy is deprecated. Please use tf.compat.v1.losses.sparse_softmax_cross_entropy instead.

开始油价预测特征工程...
输入数据形状: (5113, 12)
添加油价自身特征...
添加金融市场特征...
添加基本面特征...
添加技术指标特征...
添加波动率特征...
添加市场结构特征...
添加季节性特征...
添加市场情绪特征...
添加地缘大事件影响特征...
添加衍生关系特征...
确保特征因果性...
对 8 个未滞后特征应用 shift(1): ['VIX_Level', 'OVX_Level', 'Basis', 'Market_Structure', 'Oil_Search_Trend']...
特征工程完成，特征总数: 162

特征分类统计:
  价格特征: 38个特征
  收益率特征: 6个特征
  技术指标: 32个特征
  波动率特征: 19个特征
  金融市场: 25个特征
  基本面: 20个特征
  市场结构: 6个特征
  季节性: 12个特征
  情绪特征: 11个特征
  衍生关系: 15个特征

原始数据形状: (5113, 12)
特征工程后数据形状: (5113, 162)
新增特征数量: 150

前5行数据（部分列）:
            WTI_Futures  WTI_Futures_Return  ...  Volatility_20d  Month
Date                                         ...                       
2010-01-01    70.496714                 NaN  ...             NaN      1
2010-01-02    70.358450           -0.001963  ...             NaN      1
2010-01-03    71.006138            0.009163  ...             NaN      1
2010-01-04    72.529168            0.021222  ...             NaN      1
2010-01-05    72.295015           -0.003234  ...             NaN      1

[5 rows x 7 columns]
================================================================================
多变量油价预测系统（按时间序列最佳实践）
================================================================================
============================================================
开始加载所有数据...
============================================================
加载WTI价格数据...
加载金融数据...
加载供给侧数据...
  已加载活跃钻井机数量 (Rigs)
  已加载地缘大事件 (GeoEvent)，事件日数: 20
数据形状: (2841, 13)
开始油价预测特征工程...
输入数据形状: (2841, 13)
添加油价自身特征...
添加金融市场特征...
添加基本面特征...
添加技术指标特征...
添加波动率特征...
添加市场结构特征...
添加季节性特征...
添加市场情绪特征...
添加地缘大事件影响特征...
添加衍生关系特征...
确保特征因果性...
对 4 个未滞后特征应用 shift(1): ['VIX_Level', 'OVX_Level', 'Basis', 'Market_Structure']...
特征工程完成，特征总数: 165
按日期切分: Train_end=2020-12-31, Val_end=2022-12-31

数据切分: Train=1541, Val=516, Test=784

=== Step 3: 随机森林特征选择 Top-12 ===
  选中特征数: 12
  Top 特征:
     1. WTI_Futures
     2. US10Y
     3. WTI_Futures_Lag1
     4. Stocks_MA_20
     5. BB_Lower_20
     6. Inventory_Price_Ratio
     7. BB_Upper_20
     8. Basis
     9. WTI_Futures_Lag2
    10. WTI_Futures_MA_10
    11. WTI_Futures_MA_5
    12. WTI_Spot

数据清洗后: Train=930, Val=275, Test=425

已保存所有特征总表到 C:\Users\12725\Desktop\大宗绿测_基于油价因子的绿色金融产品预测与风险分析 - 副本\技术文档\源代码\web_runs\run_20260418_003922_top12\all_features_data.csv，行数=1630，列数=15

最终特征数: 12

已保存模型输入总表到 C:\Users\12725\Desktop\大宗绿测_基于油价因子的绿色金融产品预测与风险分析 - 副本\技术文档\源代码\web_runs\run_20260418_003922_top12\model_input_data.csv，行数=1630，列数=15

训练GRU...
WARNING:tensorflow:From F:\ProgramData\anaconda3\envs\oilprice\lib\site-packages\keras\src\backend.py:873: The name tf.get_default_graph is deprecated. Please use tf.compat.v1.get_default_graph instead.

2026-04-18 00:40:10.457883: I tensorflow/core/platform/cpu_feature_guard.cc:182] This TensorFlow binary is optimized to use available CPU instructions in performance-critical operations.
To enable the following instructions: SSE SSE2 SSE3 SSE4.1 SSE4.2 AVX2 AVX_VNNI FMA, in other operations, rebuild TensorFlow with the appropriate compiler flags.
Epoch 1/5
WARNING:tensorflow:From F:\ProgramData\anaconda3\envs\oilprice\lib\site-packages\keras\src\utils\tf_utils.py:492: The name tf.ragged.RaggedTensorValue is deprecated. Please use tf.compat.v1.ragged.RaggedTensorValue instead.

WARNING:tensorflow:From F:\ProgramData\anaconda3\envs\oilprice\lib\site-packages\keras\src\engine\base_layer_utils.py:384: The name tf.executing_eagerly_outside_functions is deprecated. Please use tf.compat.v1.executing_eagerly_outside_functions instead.


 1/29 [>.............................] - ETA: 1:23 - loss: 0.4621 - mae: 0.9607
 3/29 [==>...........................] - ETA: 1s - loss: 0.1636 - mae: 0.4079  
 4/29 [===>..........................] - ETA: 1s - loss: 0.1307 - mae: 0.3615
 5/29 [====>.........................] - ETA: 1s - loss: 0.1123 - mae: 0.3384
 6/29 [=====>........................] - ETA: 1s - loss: 0.0963 - mae: 0.3093
 7/29 [======>.......................] - ETA: 1s - loss: 0.0853 - mae: 0.2903
 8/29 [=======>......................] - ETA: 1s - loss: 0.0775 - mae: 0.2799
 9/29 [========>.....................] - ETA: 1s - loss: 0.0696 - mae: 0.2592
10/29 [=========>....................] - ETA: 1s - loss: 0.0630 - mae: 0.2400
11/29 [==========>...................] - ETA: 0s - loss: 0.0580 - mae: 0.2283
12/29 [===========>..................] - ETA: 0s - loss: 0.0537 - mae: 0.2168
13/29 [============>.................] - ETA: 0s - loss: 0.0501 - mae: 0.2076
14/29 [=============>................] - ETA: 0s - loss: 0.0472 - mae: 0.2014
15/29 [==============>...............] - ETA: 0s - loss: 0.0444 - mae: 0.1940
16/29 [===============>..............] - ETA: 0s - loss: 0.0422 - mae: 0.1894
17/29 [================>.............] - ETA: 0s - loss: 0.0402 - mae: 0.1844
18/29 [=================>............] - ETA: 0s - loss: 0.0386 - mae: 0.1805
19/29 [==================>...........] - ETA: 0s - loss: 0.0370 - mae: 0.1771
20/29 [===================>..........] - ETA: 0s - loss: 0.0355 - mae: 0.1729
21/29 [====================>.........] - ETA: 0s - loss: 0.0339 - mae: 0.1678
22/29 [=====================>........] - ETA: 0s - loss: 0.0326 - mae: 0.1633
23/29 [======================>.......] - ETA: 0s - loss: 0.0314 - mae: 0.1601
24/29 [=======================>......] - ETA: 0s - loss: 0.0304 - mae: 0.1574
25/29 [========================>.....] - ETA: 0s - loss: 0.0295 - mae: 0.1563
26/29 [=========================>....] - ETA: 0s - loss: 0.0285 - mae: 0.1531
27/29 [==========================>...] - ETA: 0s - loss: 0.0274 - mae: 0.1483
28/29 [===========================>..] - ETA: 0s - loss: 0.0265 - mae: 0.1444
29/29 [==============================] - 5s 78ms/step - loss: 0.0264 - mae: 0.1440 - val_loss: 0.0058 - val_mae: 0.0969 - lr: 0.0030
Epoch 2/5

 1/29 [>.............................] - ETA: 1s - loss: 0.0243 - mae: 0.1910
 2/29 [=>............................] - ETA: 1s - loss: 0.0270 - mae: 0.1999
 3/29 [==>...........................] - ETA: 1s - loss: 0.0276 - mae: 0.2039
 4/29 [===>..........................] - ETA: 1s - loss: 0.0225 - mae: 0.1773
 5/29 [====>.........................] - ETA: 1s - loss: 0.0190 - mae: 0.1583
 6/29 [=====>........................] - ETA: 1s - loss: 0.0181 - mae: 0.1579
 7/29 [======>.......................] - ETA: 1s - loss: 0.0169 - mae: 0.1538
 8/29 [=======>......................] - ETA: 1s - loss: 0.0150 - mae: 0.1411
 9/29 [========>.....................] - ETA: 1s - loss: 0.0142 - mae: 0.1378
10/29 [=========>....................] - ETA: 1s - loss: 0.0139 - mae: 0.1371
11/29 [==========>...................] - ETA: 1s - loss: 0.0133 - mae: 0.1345
12/29 [===========>..................] - ETA: 0s - loss: 0.0124 - mae: 0.1272
13/29 [============>.................] - ETA: 0s - loss: 0.0120 - mae: 0.1262
14/29 [=============>................] - ETA: 0s - loss: 0.0127 - mae: 0.1319
15/29 [==============>...............] - ETA: 0s - loss: 0.0134 - mae: 0.1369
16/29 [===============>..............] - ETA: 0s - loss: 0.0128 - mae: 0.1325
17/29 [================>.............] - ETA: 0s - loss: 0.0130 - mae: 0.1338
18/29 [=================>............] - ETA: 0s - loss: 0.0134 - mae: 0.1368
19/29 [==================>...........] - ETA: 0s - loss: 0.0131 - mae: 0.1356
20/29 [===================>..........] - ETA: 0s - loss: 0.0126 - mae: 0.1313
21/29 [====================>.........] - ETA: 0s - loss: 0.0124 - mae: 0.1300
22/29 [=====================>........] - ETA: 0s - loss: 0.0121 - mae: 0.1281
23/29 [======================>.......] - ETA: 0s - loss: 0.0117 - mae: 0.1256
24/29 [=======================>......] - ETA: 0s - loss: 0.0116 - mae: 0.1247
25/29 [========================>.....] - ETA: 0s - loss: 0.0119 - mae: 0.1268
27/29 [==========================>...] - ETA: 0s - loss: 0.0120 - mae: 0.1295
28/29 [===========================>..] - ETA: 0s - loss: 0.0116 - mae: 0.1257
29/29 [==============================] - 2s 60ms/step - loss: 0.0115 - mae: 0.1254 - val_loss: 0.0030 - val_mae: 0.0673 - lr: 0.0030
Epoch 3/5

 1/29 [>.............................] - ETA: 1s - loss: 0.0890 - mae: 0.4120
 2/29 [=>............................] - ETA: 1s - loss: 0.0501 - mae: 0.2565
 3/29 [==>...........................] - ETA: 1s - loss: 0.0489 - mae: 0.2640
 4/29 [===>..........................] - ETA: 1s - loss: 0.0432 - mae: 0.2518
 5/29 [====>.........................] - ETA: 1s - loss: 0.0350 - mae: 0.2124
 6/29 [=====>........................] - ETA: 1s - loss: 0.0319 - mae: 0.2061
 7/29 [======>.......................] - ETA: 1s - loss: 0.0302 - mae: 0.2042
 8/29 [=======>......................] - ETA: 1s - loss: 0.0275 - mae: 0.1928
 9/29 [========>.....................] - ETA: 1s - loss: 0.0249 - mae: 0.1790
10/29 [=========>....................] - ETA: 1s - loss: 0.0230 - mae: 0.1705
11/29 [==========>...................] - ETA: 1s - loss: 0.0216 - mae: 0.1650
12/29 [===========>..................] - ETA: 0s - loss: 0.0203 - mae: 0.1598
13/29 [============>.................] - ETA: 0s - loss: 0.0189 - mae: 0.1515
14/29 [=============>................] - ETA: 0s - loss: 0.0179 - mae: 0.1462
15/29 [==============>...............] - ETA: 0s - loss: 0.0173 - mae: 0.1439
16/29 [===============>..............] - ETA: 0s - loss: 0.0168 - mae: 0.1419
17/29 [================>.............] - ETA: 0s - loss: 0.0160 - mae: 0.1371
18/29 [=================>............] - ETA: 0s - loss: 0.0156 - mae: 0.1355
19/29 [==================>...........] - ETA: 0s - loss: 0.0152 - mae: 0.1344
20/29 [===================>..........] - ETA: 0s - loss: 0.0146 - mae: 0.1306
21/29 [====================>.........] - ETA: 0s - loss: 0.0142 - mae: 0.1279
22/29 [=====================>........] - ETA: 0s - loss: 0.0136 - mae: 0.1244
23/29 [======================>.......] - ETA: 0s - loss: 0.0132 - mae: 0.1221
24/29 [=======================>......] - ETA: 0s - loss: 0.0129 - mae: 0.1203
25/29 [========================>.....] - ETA: 0s - loss: 0.0126 - mae: 0.1187
26/29 [=========================>....] - ETA: 0s - loss: 0.0121 - mae: 0.1151
28/29 [===========================>..] - ETA: 0s - loss: 0.0114 - mae: 0.1104
29/29 [==============================] - 2s 59ms/step - loss: 0.0113 - mae: 0.1101 - val_loss: 0.0080 - val_mae: 0.1244 - lr: 0.0030
Epoch 4/5

 1/29 [>.............................] - ETA: 1s - loss: 0.0460 - mae: 0.2858
 2/29 [=>............................] - ETA: 1s - loss: 0.0279 - mae: 0.1991
 3/29 [==>...........................] - ETA: 1s - loss: 0.0251 - mae: 0.1903
 4/29 [===>..........................] - ETA: 1s - loss: 0.0311 - mae: 0.2164
 5/29 [====>.........................] - ETA: 1s - loss: 0.0289 - mae: 0.2099
 7/29 [======>.......................] - ETA: 1s - loss: 0.0219 - mae: 0.1725
 8/29 [=======>......................] - ETA: 1s - loss: 0.0202 - mae: 0.1668
10/29 [=========>....................] - ETA: 0s - loss: 0.0189 - mae: 0.1655
11/29 [==========>...................] - ETA: 0s - loss: 0.0181 - mae: 0.1629
13/29 [============>.................] - ETA: 0s - loss: 0.0157 - mae: 0.1469
15/29 [==============>...............] - ETA: 0s - loss: 0.0139 - mae: 0.1339
17/29 [================>.............] - ETA: 0s - loss: 0.0127 - mae: 0.1265
19/29 [==================>...........] - ETA: 0s - loss: 0.0119 - mae: 0.1224
21/29 [====================>.........] - ETA: 0s - loss: 0.0112 - mae: 0.1188
23/29 [======================>.......] - ETA: 0s - loss: 0.0106 - mae: 0.1144
24/29 [=======================>......] - ETA: 0s - loss: 0.0104 - mae: 0.1138
25/29 [========================>.....] - ETA: 0s - loss: 0.0104 - mae: 0.1148
27/29 [==========================>...] - ETA: 0s - loss: 0.0105 - mae: 0.1168
29/29 [==============================] - ETA: 0s - loss: 0.0101 - mae: 0.1132
29/29 [==============================] - 2s 53ms/step - loss: 0.0101 - mae: 0.1132 - val_loss: 0.0066 - val_mae: 0.1086 - lr: 0.0030
Epoch 5/5

 1/29 [>.............................] - ETA: 1s - loss: 0.1633 - mae: 0.5689
 3/29 [==>...........................] - ETA: 1s - loss: 0.0930 - mae: 0.3845
 5/29 [====>.........................] - ETA: 1s - loss: 0.0612 - mae: 0.2887
 7/29 [======>.......................] - ETA: 1s - loss: 0.0536 - mae: 0.2771
 9/29 [========>.....................] - ETA: 0s - loss: 0.0425 - mae: 0.2313
11/29 [==========>...................] - ETA: 0s - loss: 0.0392 - mae: 0.2276
12/29 [===========>..................] - ETA: 0s - loss: 0.0371 - mae: 0.2223
14/29 [=============>................] - ETA: 0s - loss: 0.0323 - mae: 0.2004
15/29 [==============>...............] - ETA: 0s - loss: 0.0304 - mae: 0.1906
17/29 [================>.............] - ETA: 0s - loss: 0.0274 - mae: 0.1776
19/29 [==================>...........] - ETA: 0s - loss: 0.0252 - mae: 0.1684
20/29 [===================>..........] - ETA: 0s - loss: 0.0241 - mae: 0.1633
22/29 [=====================>........] - ETA: 0s - loss: 0.0222 - mae: 0.1540
24/29 [=======================>......] - ETA: 0s - loss: 0.0206 - mae: 0.1469
26/29 [=========================>....] - ETA: 0s - loss: 0.0192 - mae: 0.1395
27/29 [==========================>...] - ETA: 0s - loss: 0.0186 - mae: 0.1363
28/29 [===========================>..] - ETA: 0s - loss: 0.0179 - mae: 0.1323
29/29 [==============================] - 1s 51ms/step - loss: 0.0178 - mae: 0.1319 - val_loss: 0.0130 - val_mae: 0.1580 - lr: 0.0030

 1/13 [=>............................] - ETA: 6s
 6/13 [============>.................] - ETA: 0s
11/13 [========================>.....] - ETA: 0s
13/13 [==============================] - 1s 11ms/step

GRU 评估 (价格):
  MAE: 26.6157
  RMSE: 26.7571
  MAPE: 37.15%
  R2: -29.9100

方向预测准确率: 0.5066

Baseline(随机游走 P_t) R2: 0.8933
  [未达标] 模型 R2=-29.9100 < 0.8，建议：增大 RF Top-N、增加训练 epoch 或检查数据
✅ oil_pred.csv 已生成

已保存对齐后的预测结果到 C:\Users\12725\Desktop\大宗绿测_基于油价因子的绿色金融产品预测与风险分析 - 副本\技术文档\源代码\web_runs\run_20260418_003922_top12\prediction_results.csv，样本数=395

每日预测 vs 真实值（最后 15 行）：
      Date    Actual      Pred     Error  AbsError
2025-11-11 72.720001 96.383369 23.663368 23.663368
2025-11-13 69.849998 96.508423 26.658424 26.658424
2025-11-14 71.379997 96.208321 24.828323 24.828323
2025-11-17 71.300003 96.100960 24.800957 24.800957
2025-11-18 72.500000 96.195297 23.695297 23.695297
2025-11-19 70.879997 96.455475 25.575478 25.575478
2025-11-20 70.150002 96.473091 26.323090 26.323090
2025-11-21 69.300003 96.278999 26.978996 26.978996
2025-11-24 70.419998 95.852448 25.432449 25.432449
2025-11-25 69.250000 95.607468 26.357468 26.357468
2025-11-26 70.040001 95.448036 25.408035 25.408035
2025-11-27 70.040001 95.398880 25.358879 25.358879
2025-12-29 69.610001 95.371613 25.761612 25.761612
2025-12-30 69.739998 95.125206 25.385208 25.385208
2025-12-31 69.739998 94.981766 25.241768 25.241768

已保存每日汇总表到 C:\Users\12725\Desktop\大宗绿测_基于油价因子的绿色金融产品预测与风险分析 - 副本\技术文档\源代码\web_runs\run_20260418_003922_top12\daily_predictions_vs_actual.csv

=== 附加分析：驱动因子 / 风险信号 / 回测 / 报告 ===
已保存驱动因子分析表到 C:\Users\12725\Desktop\大宗绿测_基于油价因子的绿色金融产品预测与风险分析 - 副本\技术文档\源代码\web_runs\run_20260418_003922_top12\driver_factor_analysis.csv
已保存风险与信号分类表到 C:\Users\12725\Desktop\大宗绿测_基于油价因子的绿色金融产品预测与风险分析 - 副本\技术文档\源代码\web_runs\run_20260418_003922_top12\risk_signal_classification.csv
回测完成：Strategy 总收益=-1.87%，最大回撤=-24.31%，胜率=48.86%
已保存报告到 C:\Users\12725\Desktop\大宗绿测_基于油价因子的绿色金融产品预测与风险分析 - 副本\技术文档\源代码\web_runs\run_20260418_003922_top12\bank_team_report.md

完成！

=== 实盘预测：递推预测未来 1 天 ===
开始油价预测特征工程...
输入数据形状: (2842, 13)
添加油价自身特征...
添加金融市场特征...
添加基本面特征...
添加技术指标特征...
添加波动率特征...
添加市场结构特征...
添加季节性特征...
添加市场情绪特征...
添加地缘大事件影响特征...
添加衍生关系特征...
确保特征因果性...
对 4 个未滞后特征应用 shift(1): ['VIX_Level', 'OVX_Level', 'Basis', 'Market_Structure']...
特征工程完成，特征总数: 165

1/1 [==============================] - ETA: 0s
1/1 [==============================] - 0s 31ms/step
已保存未来预测到 C:\Users\12725\Desktop\大宗绿测_基于油价因子的绿色金融产品预测与风险分析 - 副本\技术文档\源代码\web_runs\run_20260418_003922_top12\future_forecast.csv，行数=1
