[backend] started_at=2026-04-18T21:07:08.723653 pid=51648
2026-04-18 21:07:10.604501: I tensorflow/core/util/port.cc:113] oneDNN custom operations are on. You may see slightly different numerical results due to floating-point round-off errors from different computation orders. To turn them off, set the environment variable `TF_ENABLE_ONEDNN_OPTS=0`.
WARNING:tensorflow:From F:\ProgramData\anaconda3\envs\oilprice\lib\site-packages\keras\src\losses.py:2976: The name tf.losses.sparse_softmax_cross_entropy is deprecated. Please use tf.compat.v1.losses.sparse_softmax_cross_entropy instead.

开始油价预测特征工程...
输入数据形状: (5113, 12)
添加油价自身特征...
添加金融市场特征...
添加基本面特征...
添加技术指标特征...
添加波动率特征...
添加市场结构特征...
添加季节性特征...
添加市场情绪特征...
添加地缘大事件影响特征...
添加衍生关系特征...
确保特征因果性...
对 8 个未滞后特征应用 shift(1): ['VIX_Level', 'OVX_Level', 'Basis', 'Market_Structure', 'Oil_Search_Trend']...
特征工程完成，特征总数: 162

特征分类统计:
  价格特征: 38个特征
  收益率特征: 6个特征
  技术指标: 32个特征
  波动率特征: 19个特征
  金融市场: 25个特征
  基本面: 20个特征
  市场结构: 6个特征
  季节性: 12个特征
  情绪特征: 11个特征
  衍生关系: 15个特征

原始数据形状: (5113, 12)
特征工程后数据形状: (5113, 162)
新增特征数量: 150

前5行数据（部分列）:
            WTI_Futures  WTI_Futures_Return  ...  Volatility_20d  Month
Date                                         ...                       
2010-01-01    70.496714                 NaN  ...             NaN      1
2010-01-02    70.358450           -0.001963  ...             NaN      1
2010-01-03    71.006138            0.009163  ...             NaN      1
2010-01-04    72.529168            0.021222  ...             NaN      1
2010-01-05    72.295015           -0.003234  ...             NaN      1

[5 rows x 7 columns]
================================================================================
多变量油价预测系统（按时间序列最佳实践）
================================================================================
============================================================
开始加载所有数据...
============================================================
加载WTI价格数据...
加载金融数据...
加载供给侧数据...
  已加载活跃钻井机数量 (Rigs)
  已加载地缘大事件 (GeoEvent)，事件日数: 20
数据形状: (2841, 13)
开始油价预测特征工程...
输入数据形状: (2841, 13)
添加油价自身特征...
添加金融市场特征...
添加基本面特征...
添加技术指标特征...
添加波动率特征...
添加市场结构特征...
添加季节性特征...
添加市场情绪特征...
添加地缘大事件影响特征...
添加衍生关系特征...
确保特征因果性...
对 4 个未滞后特征应用 shift(1): ['VIX_Level', 'OVX_Level', 'Basis', 'Market_Structure']...
特征工程完成，特征总数: 165
按日期切分: Train_end=2020-12-31, Val_end=2022-12-31

数据切分: Train=1541, Val=516, Test=784

=== Step 3: 随机森林特征选择 Top-15 ===
  选中特征数: 15
  Top 特征:
     1. WTI_Futures
     2. US10Y
     3. WTI_Futures_Lag1
     4. Stocks_MA_20
     5. BB_Lower_20
     6. Inventory_Price_Ratio
     7. BB_Upper_20
     8. Basis
     9. WTI_Futures_Lag2
    10. WTI_Futures_MA_10
    11. WTI_Futures_MA_5
    12. WTI_Spot
    13. WTI_Futures_MA_20
    14. WTI_Futures_Lag20
    15. MACD

数据清洗后: Train=930, Val=275, Test=425

已保存所有特征总表到 C:\Users\12725\Desktop\大宗绿测_基于油价因子的绿色金融产品预测与风险分析 - 副本\技术文档\源代码\web_runs\run_20260418_210708_top15\all_features_data.csv，行数=1630，列数=18

最终特征数: 15

已保存模型输入总表到 C:\Users\12725\Desktop\大宗绿测_基于油价因子的绿色金融产品预测与风险分析 - 副本\技术文档\源代码\web_runs\run_20260418_210708_top15\model_input_data.csv，行数=1630，列数=18

训练GRU...
WARNING:tensorflow:From F:\ProgramData\anaconda3\envs\oilprice\lib\site-packages\keras\src\backend.py:873: The name tf.get_default_graph is deprecated. Please use tf.compat.v1.get_default_graph instead.

2026-04-18 21:08:08.954604: I tensorflow/core/platform/cpu_feature_guard.cc:182] This TensorFlow binary is optimized to use available CPU instructions in performance-critical operations.
To enable the following instructions: SSE SSE2 SSE3 SSE4.1 SSE4.2 AVX2 AVX_VNNI FMA, in other operations, rebuild TensorFlow with the appropriate compiler flags.
Epoch 1/5
WARNING:tensorflow:From F:\ProgramData\anaconda3\envs\oilprice\lib\site-packages\keras\src\utils\tf_utils.py:492: The name tf.ragged.RaggedTensorValue is deprecated. Please use tf.compat.v1.ragged.RaggedTensorValue instead.

WARNING:tensorflow:From F:\ProgramData\anaconda3\envs\oilprice\lib\site-packages\keras\src\engine\base_layer_utils.py:384: The name tf.executing_eagerly_outside_functions is deprecated. Please use tf.compat.v1.executing_eagerly_outside_functions instead.


 1/29 [>.............................] - ETA: 2:33 - loss: 0.4288 - mae: 0.9249
 2/29 [=>............................] - ETA: 2s - loss: 0.2240 - mae: 0.5373  
 3/29 [==>...........................] - ETA: 2s - loss: 0.2887 - mae: 0.6539
 4/29 [===>..........................] - ETA: 2s - loss: 0.2186 - mae: 0.5161
 5/29 [====>.........................] - ETA: 2s - loss: 0.1821 - mae: 0.4632
 6/29 [=====>........................] - ETA: 2s - loss: 0.1582 - mae: 0.4299
 7/29 [======>.......................] - ETA: 2s - loss: 0.1391 - mae: 0.3969
 8/29 [=======>......................] - ETA: 2s - loss: 0.1223 - mae: 0.3563
 9/29 [========>.....................] - ETA: 2s - loss: 0.1116 - mae: 0.3401
10/29 [=========>....................] - ETA: 2s - loss: 0.1018 - mae: 0.3201
11/29 [==========>...................] - ETA: 2s - loss: 0.0937 - mae: 0.3023
12/29 [===========>..................] - ETA: 1s - loss: 0.0868 - mae: 0.2866
13/29 [============>.................] - ETA: 1s - loss: 0.0813 - mae: 0.2763
14/29 [=============>................] - ETA: 1s - loss: 0.0764 - mae: 0.2662
15/29 [==============>...............] - ETA: 1s - loss: 0.0720 - mae: 0.2567
16/29 [===============>..............] - ETA: 1s - loss: 0.0679 - mae: 0.2463
17/29 [================>.............] - ETA: 1s - loss: 0.0644 - mae: 0.2387
18/29 [=================>............] - ETA: 1s - loss: 0.0615 - mae: 0.2329
19/29 [==================>...........] - ETA: 1s - loss: 0.0592 - mae: 0.2299
20/29 [===================>..........] - ETA: 1s - loss: 0.0567 - mae: 0.2235
21/29 [====================>.........] - ETA: 0s - loss: 0.0542 - mae: 0.2163
22/29 [=====================>........] - ETA: 0s - loss: 0.0520 - mae: 0.2105
23/29 [======================>.......] - ETA: 0s - loss: 0.0503 - mae: 0.2079
24/29 [=======================>......] - ETA: 0s - loss: 0.0487 - mae: 0.2042
25/29 [========================>.....] - ETA: 0s - loss: 0.0469 - mae: 0.2000
26/29 [=========================>....] - ETA: 0s - loss: 0.0454 - mae: 0.1967
27/29 [==========================>...] - ETA: 0s - loss: 0.0439 - mae: 0.1925
28/29 [===========================>..] - ETA: 0s - loss: 0.0424 - mae: 0.1863
29/29 [==============================] - ETA: 0s - loss: 0.0422 - mae: 0.1858
29/29 [==============================] - 10s 155ms/step - loss: 0.0422 - mae: 0.1858 - val_loss: 0.0012 - val_mae: 0.0392 - lr: 0.0030
Epoch 2/5

 1/29 [>.............................] - ETA: 3s - loss: 0.0869 - mae: 0.3968
 2/29 [=>............................] - ETA: 2s - loss: 0.0563 - mae: 0.2827
 3/29 [==>...........................] - ETA: 2s - loss: 0.0450 - mae: 0.2468
 4/29 [===>..........................] - ETA: 2s - loss: 0.0535 - mae: 0.2758
 5/29 [====>.........................] - ETA: 2s - loss: 0.0470 - mae: 0.2566
 6/29 [=====>........................] - ETA: 2s - loss: 0.0400 - mae: 0.2264
 7/29 [======>.......................] - ETA: 2s - loss: 0.0366 - mae: 0.2178
 8/29 [=======>......................] - ETA: 2s - loss: 0.0329 - mae: 0.2037
 9/29 [========>.....................] - ETA: 2s - loss: 0.0296 - mae: 0.1879
10/29 [=========>....................] - ETA: 2s - loss: 0.0271 - mae: 0.1765
11/29 [==========>...................] - ETA: 1s - loss: 0.0249 - mae: 0.1655
12/29 [===========>..................] - ETA: 1s - loss: 0.0231 - mae: 0.1579
13/29 [============>.................] - ETA: 1s - loss: 0.0217 - mae: 0.1519
14/29 [=============>................] - ETA: 1s - loss: 0.0207 - mae: 0.1474
15/29 [==============>...............] - ETA: 1s - loss: 0.0197 - mae: 0.1430
16/29 [===============>..............] - ETA: 1s - loss: 0.0188 - mae: 0.1397
17/29 [================>.............] - ETA: 1s - loss: 0.0183 - mae: 0.1374
18/29 [=================>............] - ETA: 1s - loss: 0.0178 - mae: 0.1353
19/29 [==================>...........] - ETA: 1s - loss: 0.0173 - mae: 0.1343
20/29 [===================>..........] - ETA: 0s - loss: 0.0170 - mae: 0.1342
21/29 [====================>.........] - ETA: 0s - loss: 0.0165 - mae: 0.1322
22/29 [=====================>........] - ETA: 0s - loss: 0.0159 - mae: 0.1294
23/29 [======================>.......] - ETA: 0s - loss: 0.0153 - mae: 0.1261
24/29 [=======================>......] - ETA: 0s - loss: 0.0149 - mae: 0.1241
25/29 [========================>.....] - ETA: 0s - loss: 0.0148 - mae: 0.1243
26/29 [=========================>....] - ETA: 0s - loss: 0.0144 - mae: 0.1228
27/29 [==========================>...] - ETA: 0s - loss: 0.0139 - mae: 0.1199
28/29 [===========================>..] - ETA: 0s - loss: 0.0134 - mae: 0.1161
29/29 [==============================] - 3s 114ms/step - loss: 0.0134 - mae: 0.1156 - val_loss: 0.0023 - val_mae: 0.0544 - lr: 0.0030
Epoch 3/5

 1/29 [>.............................] - ETA: 2s - loss: 0.1191 - mae: 0.4753
 2/29 [=>............................] - ETA: 2s - loss: 0.0897 - mae: 0.3970
 3/29 [==>...........................] - ETA: 2s - loss: 0.0618 - mae: 0.2941
 4/29 [===>..........................] - ETA: 2s - loss: 0.0529 - mae: 0.2728
 5/29 [====>.........................] - ETA: 2s - loss: 0.0486 - mae: 0.2649
 6/29 [=====>........................] - ETA: 2s - loss: 0.0463 - mae: 0.2619
 7/29 [======>.......................] - ETA: 2s - loss: 0.0422 - mae: 0.2490
 8/29 [=======>......................] - ETA: 2s - loss: 0.0374 - mae: 0.2262
 9/29 [========>.....................] - ETA: 2s - loss: 0.0340 - mae: 0.2119
10/29 [=========>....................] - ETA: 2s - loss: 0.0329 - mae: 0.2121
11/29 [==========>...................] - ETA: 1s - loss: 0.0327 - mae: 0.2151
12/29 [===========>..................] - ETA: 1s - loss: 0.0314 - mae: 0.2121
13/29 [============>.................] - ETA: 1s - loss: 0.0297 - mae: 0.2051
14/29 [=============>................] - ETA: 1s - loss: 0.0279 - mae: 0.1954
15/29 [==============>...............] - ETA: 1s - loss: 0.0265 - mae: 0.1893
16/29 [===============>..............] - ETA: 1s - loss: 0.0254 - mae: 0.1847
17/29 [================>.............] - ETA: 1s - loss: 0.0241 - mae: 0.1784
18/29 [=================>............] - ETA: 1s - loss: 0.0232 - mae: 0.1728
19/29 [==================>...........] - ETA: 1s - loss: 0.0221 - mae: 0.1669
20/29 [===================>..........] - ETA: 0s - loss: 0.0211 - mae: 0.1612
21/29 [====================>.........] - ETA: 0s - loss: 0.0203 - mae: 0.1565
22/29 [=====================>........] - ETA: 0s - loss: 0.0195 - mae: 0.1520
23/29 [======================>.......] - ETA: 0s - loss: 0.0188 - mae: 0.1481
24/29 [=======================>......] - ETA: 0s - loss: 0.0182 - mae: 0.1453
25/29 [========================>.....] - ETA: 0s - loss: 0.0180 - mae: 0.1445
26/29 [=========================>....] - ETA: 0s - loss: 0.0175 - mae: 0.1424
27/29 [==========================>...] - ETA: 0s - loss: 0.0171 - mae: 0.1411
28/29 [===========================>..] - ETA: 0s - loss: 0.0166 - mae: 0.1391
29/29 [==============================] - 3s 115ms/step - loss: 0.0165 - mae: 0.1388 - val_loss: 5.3274e-04 - val_mae: 0.0284 - lr: 0.0030
Epoch 4/5

 1/29 [>.............................] - ETA: 2s - loss: 0.0452 - mae: 0.2824
 2/29 [=>............................] - ETA: 2s - loss: 0.0286 - mae: 0.2007
 3/29 [==>...........................] - ETA: 2s - loss: 0.0240 - mae: 0.1828
 4/29 [===>..........................] - ETA: 2s - loss: 0.0266 - mae: 0.1988
 5/29 [====>.........................] - ETA: 2s - loss: 0.0227 - mae: 0.1804
 6/29 [=====>........................] - ETA: 2s - loss: 0.0193 - mae: 0.1601
 7/29 [======>.......................] - ETA: 2s - loss: 0.0170 - mae: 0.1459
 8/29 [=======>......................] - ETA: 2s - loss: 0.0152 - mae: 0.1347
 9/29 [========>.....................] - ETA: 2s - loss: 0.0141 - mae: 0.1294
10/29 [=========>....................] - ETA: 1s - loss: 0.0132 - mae: 0.1247
11/29 [==========>...................] - ETA: 1s - loss: 0.0121 - mae: 0.1173
12/29 [===========>..................] - ETA: 1s - loss: 0.0113 - mae: 0.1120
13/29 [============>.................] - ETA: 1s - loss: 0.0106 - mae: 0.1078
14/29 [=============>................] - ETA: 1s - loss: 0.0100 - mae: 0.1043
15/29 [==============>...............] - ETA: 1s - loss: 0.0095 - mae: 0.1015
16/29 [===============>..............] - ETA: 1s - loss: 0.0091 - mae: 0.0986
17/29 [================>.............] - ETA: 1s - loss: 0.0087 - mae: 0.0964
18/29 [=================>............] - ETA: 1s - loss: 0.0085 - mae: 0.0952
19/29 [==================>...........] - ETA: 1s - loss: 0.0082 - mae: 0.0934
20/29 [===================>..........] - ETA: 0s - loss: 0.0080 - mae: 0.0925
21/29 [====================>.........] - ETA: 0s - loss: 0.0077 - mae: 0.0903
22/29 [=====================>........] - ETA: 0s - loss: 0.0075 - mae: 0.0886
23/29 [======================>.......] - ETA: 0s - loss: 0.0073 - mae: 0.0875
24/29 [=======================>......] - ETA: 0s - loss: 0.0072 - mae: 0.0872
25/29 [========================>.....] - ETA: 0s - loss: 0.0071 - mae: 0.0858
26/29 [=========================>....] - ETA: 0s - loss: 0.0069 - mae: 0.0842
27/29 [==========================>...] - ETA: 0s - loss: 0.0067 - mae: 0.0826
28/29 [===========================>..] - ETA: 0s - loss: 0.0065 - mae: 0.0809
29/29 [==============================] - 3s 112ms/step - loss: 0.0065 - mae: 0.0807 - val_loss: 0.0013 - val_mae: 0.0469 - lr: 0.0030
Epoch 5/5

 1/29 [>.............................] - ETA: 2s - loss: 0.0231 - mae: 0.1987
 2/29 [=>............................] - ETA: 2s - loss: 0.0176 - mae: 0.1503
 3/29 [==>...........................] - ETA: 2s - loss: 0.0159 - mae: 0.1435
 4/29 [===>..........................] - ETA: 2s - loss: 0.0187 - mae: 0.1612
 5/29 [====>.........................] - ETA: 2s - loss: 0.0169 - mae: 0.1553
 6/29 [=====>........................] - ETA: 2s - loss: 0.0146 - mae: 0.1410
 7/29 [======>.......................] - ETA: 2s - loss: 0.0131 - mae: 0.1301
 8/29 [=======>......................] - ETA: 2s - loss: 0.0124 - mae: 0.1276
 9/29 [========>.....................] - ETA: 2s - loss: 0.0120 - mae: 0.1275
10/29 [=========>....................] - ETA: 2s - loss: 0.0121 - mae: 0.1295
11/29 [==========>...................] - ETA: 1s - loss: 0.0116 - mae: 0.1276
12/29 [===========>..................] - ETA: 1s - loss: 0.0109 - mae: 0.1225
13/29 [============>.................] - ETA: 1s - loss: 0.0102 - mae: 0.1162
14/29 [=============>................] - ETA: 1s - loss: 0.0096 - mae: 0.1117
15/29 [==============>...............] - ETA: 1s - loss: 0.0092 - mae: 0.1088
16/29 [===============>..............] - ETA: 1s - loss: 0.0089 - mae: 0.1072
17/29 [================>.............] - ETA: 1s - loss: 0.0086 - mae: 0.1049
18/29 [=================>............] - ETA: 1s - loss: 0.0084 - mae: 0.1040
19/29 [==================>...........] - ETA: 1s - loss: 0.0081 - mae: 0.1012
20/29 [===================>..........] - ETA: 0s - loss: 0.0078 - mae: 0.0991
21/29 [====================>.........] - ETA: 0s - loss: 0.0075 - mae: 0.0971
22/29 [=====================>........] - ETA: 0s - loss: 0.0073 - mae: 0.0954
23/29 [======================>.......] - ETA: 0s - loss: 0.0072 - mae: 0.0941
24/29 [=======================>......] - ETA: 0s - loss: 0.0072 - mae: 0.0939
25/29 [========================>.....] - ETA: 0s - loss: 0.0070 - mae: 0.0935
26/29 [=========================>....] - ETA: 0s - loss: 0.0071 - mae: 0.0951
27/29 [==========================>...] - ETA: 0s - loss: 0.0071 - mae: 0.0959
28/29 [===========================>..] - ETA: 0s - loss: 0.0069 - mae: 0.0942
29/29 [==============================] - 3s 112ms/step - loss: 0.0069 - mae: 0.0938 - val_loss: 0.0016 - val_mae: 0.0445 - lr: 0.0030

 1/13 [=>............................] - ETA: 11s
 3/13 [=====>........................] - ETA: 0s 
 5/13 [==========>...................] - ETA: 0s
 7/13 [===============>..............] - ETA: 0s
 9/13 [===================>..........] - ETA: 0s
11/13 [========================>.....] - ETA: 0s
13/13 [==============================] - 1s 28ms/step

GRU 评估 (价格):
  MAE: 19.1484
  RMSE: 19.3776
  MAPE: 26.45%
  R2: -15.2113

方向预测准确率: 0.4934

Baseline(随机游走 P_t) R2: 0.8933
  [未达标] 模型 R2=-15.2113 < 0.8，建议：增大 RF Top-N、增加训练 epoch 或检查数据
✅ oil_pred.csv 已生成

已保存对齐后的预测结果到 C:\Users\12725\Desktop\大宗绿测_基于油价因子的绿色金融产品预测与风险分析 - 副本\技术文档\源代码\web_runs\run_20260418_210708_top15\prediction_results.csv，样本数=395

每日预测 vs 真实值（最后 15 行）：
      Date    Actual      Pred      Error  AbsError
2025-11-11 72.720001 51.826481 -20.893520 20.893520
2025-11-13 69.849998 52.246998 -17.603001 17.603001
2025-11-14 71.379997 52.037144 -19.342854 19.342854
2025-11-17 71.300003 51.568077 -19.731926 19.731926
2025-11-18 72.500000 51.526295 -20.973705 20.973705
2025-11-19 70.879997 52.091873 -18.788124 18.788124
2025-11-20 70.150002 52.616600 -17.533401 17.533401
2025-11-21 69.300003 52.602200 -16.697803 16.697803
2025-11-24 70.419998 51.881622 -18.538376 18.538376
2025-11-25 69.250000 51.206596 -18.043404 18.043404
2025-11-26 70.040001 51.072239 -18.967762 18.967762
2025-11-27 70.040001 51.237953 -18.802048 18.802048
2025-12-29 69.610001 51.445206 -18.164795 18.164795
2025-12-30 69.739998 51.137878 -18.602119 18.602119
2025-12-31 69.739998 50.725342 -19.014656 19.014656

已保存每日汇总表到 C:\Users\12725\Desktop\大宗绿测_基于油价因子的绿色金融产品预测与风险分析 - 副本\技术文档\源代码\web_runs\run_20260418_210708_top15\daily_predictions_vs_actual.csv

=== 附加分析：驱动因子 / 风险信号 / 回测 / 报告 ===
已保存驱动因子分析表到 C:\Users\12725\Desktop\大宗绿测_基于油价因子的绿色金融产品预测与风险分析 - 副本\技术文档\源代码\web_runs\run_20260418_210708_top15\driver_factor_analysis.csv
已保存风险与信号分类表到 C:\Users\12725\Desktop\大宗绿测_基于油价因子的绿色金融产品预测与风险分析 - 副本\技术文档\源代码\web_runs\run_20260418_210708_top15\risk_signal_classification.csv
回测完成：Strategy 总收益=1.91%，最大回撤=-26.89%，胜率=47.59%
已保存报告到 C:\Users\12725\Desktop\大宗绿测_基于油价因子的绿色金融产品预测与风险分析 - 副本\技术文档\源代码\web_runs\run_20260418_210708_top15\bank_team_report.md

完成！

=== 实盘预测：递推预测未来 1 天 ===
开始油价预测特征工程...
输入数据形状: (2842, 13)
添加油价自身特征...
添加金融市场特征...
添加基本面特征...
添加技术指标特征...
添加波动率特征...
添加市场结构特征...
添加季节性特征...
添加市场情绪特征...
添加地缘大事件影响特征...
添加衍生关系特征...
确保特征因果性...
对 4 个未滞后特征应用 shift(1): ['VIX_Level', 'OVX_Level', 'Basis', 'Market_Structure']...
特征工程完成，特征总数: 165

1/1 [==============================] - ETA: 0s
1/1 [==============================] - 0s 37ms/step
已保存未来预测到 C:\Users\12725\Desktop\大宗绿测_基于油价因子的绿色金融产品预测与风险分析 - 副本\技术文档\源代码\web_runs\run_20260418_210708_top15\future_forecast.csv，行数=1
